/data/luolie/conda/envs/scssl_bench_py310/lib/python3.10/site-packages/louvain/__init__.py:54: UserWarning: pkg_resources is deprecated as an API. See https://setuptools.pypa.io/en/latest/pkg_resources.html. The pkg_resources package is slated for removal as early as 2025-11-30. Refrain from using this package or pin to Setuptools<81.
  from pkg_resources import get_distribution, DistributionNotFound
/data/luolie/conda/envs/scssl_bench_py310/lib/python3.10/site-packages/scanpy/preprocessing/_highly_variable_genes.py:220: FutureWarning: The default of observed=False is deprecated and will be changed to True in a future version of pandas. Pass observed=False to retain current behavior or observed=True to adopt the future default and silence this warning.
  disp_grouped = df.groupby('mean_bin')['dispersions']
/data/luolie/conda/envs/scssl_bench_py310/lib/python3.10/site-packages/scanpy/preprocessing/_highly_variable_genes.py:220: FutureWarning: The default of observed=False is deprecated and will be changed to True in a future version of pandas. Pass observed=False to retain current behavior or observed=True to adopt the future default and silence this warning.
  disp_grouped = df.groupby('mean_bin')['dispersions']
Building PCA-KNN graph for NeighborMix ...
Device=cuda:0 dataset=Macosko cells=44808 genes=1000 clusters=12
Method=GatedNeighborMix_scMAE stage=screen epochs=80 warmup=20
Epoch 001/80 loss=0.5831 scmae=0.4478 pseudo=0.4478 cluster=0.0000 cons=0.0199 r_mean=1.000 conf=0.000 scale=0.00
Epoch 010/80 loss=0.5799 scmae=0.4460 pseudo=0.4460 cluster=0.0000 cons=0.0026 r_mean=1.000 conf=0.000 scale=0.00
Epoch 020/80 loss=0.5798 scmae=0.4459 pseudo=0.4459 cluster=0.0000 cons=0.0023 r_mean=1.000 conf=0.000 scale=0.00
Epoch 030/80 loss=0.6093 scmae=0.4462 pseudo=0.4459 cluster=0.1641 cons=0.0127 r_mean=0.721 conf=0.995 scale=0.50
Epoch 040/80 loss=0.6696 scmae=0.4463 pseudo=0.4462 cluster=0.2523 cons=0.0244 r_mean=0.733 conf=0.998 scale=1.00
Epoch 050/80 loss=0.6910 scmae=0.4463 pseudo=0.4463 cluster=0.3124 cons=0.0293 r_mean=0.719 conf=0.999 scale=1.00
Epoch 060/80 loss=0.6954 scmae=0.4464 pseudo=0.4463 cluster=0.3244 cons=0.0316 r_mean=0.714 conf=0.999 scale=1.00
Epoch 070/80 loss=0.6945 scmae=0.4464 pseudo=0.4463 cluster=0.3216 cons=0.0336 r_mean=0.713 conf=0.998 scale=1.00
Epoch 080/80 loss=0.6946 scmae=0.4463 pseudo=0.4464 cluster=0.3218 cons=0.0339 r_mean=0.711 conf=0.999 scale=1.00
[RESULT] Macosko NMI=0.5970981368627026 ARI=0.33022786738891163 meets_baseline=False collapse=False r_mean=0.713 core_frac=0.764
Completed GatedNeighborMix_scMAE. Results saved to: methods/DeepLearning/GatedNeighborMix_scMAE/runs/gated_v2/Macosko/seed42
