/data/luolie/conda/envs/scssl_bench_py310/lib/python3.10/site-packages/louvain/__init__.py:54: UserWarning: pkg_resources is deprecated as an API. See https://setuptools.pypa.io/en/latest/pkg_resources.html. The pkg_resources package is slated for removal as early as 2025-11-30. Refrain from using this package or pin to Setuptools<81.
  from pkg_resources import get_distribution, DistributionNotFound
/data/luolie/conda/envs/scssl_bench_py310/lib/python3.10/site-packages/anndata/_core/anndata.py:1906: UserWarning: Observation names are not unique. To make them unique, call `.obs_names_make_unique`.
  utils.warn_names_duplicates("obs")
/data/luolie/conda/envs/scssl_bench_py310/lib/python3.10/site-packages/anndata/_core/anndata.py:1906: UserWarning: Observation names are not unique. To make them unique, call `.obs_names_make_unique`.
  utils.warn_names_duplicates("obs")
/data/luolie/conda/envs/scssl_bench_py310/lib/python3.10/site-packages/scanpy/preprocessing/_highly_variable_genes.py:220: FutureWarning: The default of observed=False is deprecated and will be changed to True in a future version of pandas. Pass observed=False to retain current behavior or observed=True to adopt the future default and silence this warning.
  disp_grouped = df.groupby('mean_bin')['dispersions']
/data/luolie/conda/envs/scssl_bench_py310/lib/python3.10/site-packages/anndata/_core/anndata.py:1906: UserWarning: Observation names are not unique. To make them unique, call `.obs_names_make_unique`.
  utils.warn_names_duplicates("obs")
/data/luolie/conda/envs/scssl_bench_py310/lib/python3.10/site-packages/anndata/_core/anndata.py:1906: UserWarning: Observation names are not unique. To make them unique, call `.obs_names_make_unique`.
  utils.warn_names_duplicates("obs")
/data/luolie/conda/envs/scssl_bench_py310/lib/python3.10/site-packages/anndata/_core/anndata.py:1906: UserWarning: Observation names are not unique. To make them unique, call `.obs_names_make_unique`.
  utils.warn_names_duplicates("obs")
/data/luolie/conda/envs/scssl_bench_py310/lib/python3.10/site-packages/scanpy/preprocessing/_highly_variable_genes.py:220: FutureWarning: The default of observed=False is deprecated and will be changed to True in a future version of pandas. Pass observed=False to retain current behavior or observed=True to adopt the future default and silence this warning.
  disp_grouped = df.groupby('mean_bin')['dispersions']
/data/luolie/conda/envs/scssl_bench_py310/lib/python3.10/site-packages/anndata/_core/anndata.py:1906: UserWarning: Observation names are not unique. To make them unique, call `.obs_names_make_unique`.
  utils.warn_names_duplicates("obs")
Building PCA-KNN graph for NeighborMix ...
Device=cuda:0 dataset=Quake_10x_Spleen cells=9552 genes=1000 clusters=5
Method=GatedNeighborMix_scMAE stage=screen epochs=80 warmup=20
Epoch 001/80 loss=0.5869 scmae=0.4490 pseudo=0.4491 cluster=0.0000 cons=0.0622 r_mean=1.000 conf=0.000 scale=0.00
Epoch 010/80 loss=0.5756 scmae=0.4427 pseudo=0.4427 cluster=0.0000 cons=0.0024 r_mean=1.000 conf=0.000 scale=0.00
Epoch 020/80 loss=0.5753 scmae=0.4424 pseudo=0.4425 cluster=0.0000 cons=0.0029 r_mean=1.000 conf=0.000 scale=0.00
Epoch 030/80 loss=0.5800 scmae=0.4430 pseudo=0.4424 cluster=0.0242 cons=0.0018 r_mean=0.839 conf=1.000 scale=0.50
Epoch 040/80 loss=0.5842 scmae=0.4432 pseudo=0.4427 cluster=0.0232 cons=0.0026 r_mean=0.892 conf=1.000 scale=1.00
Epoch 050/80 loss=0.5823 scmae=0.4433 pseudo=0.4429 cluster=0.0175 cons=0.0018 r_mean=0.903 conf=1.000 scale=1.00
Epoch 060/80 loss=0.5821 scmae=0.4432 pseudo=0.4428 cluster=0.0169 cons=0.0026 r_mean=0.910 conf=1.000 scale=1.00
Epoch 070/80 loss=0.5818 scmae=0.4433 pseudo=0.4427 cluster=0.0160 cons=0.0022 r_mean=0.913 conf=1.000 scale=1.00
Epoch 080/80 loss=0.5815 scmae=0.4432 pseudo=0.4429 cluster=0.0154 cons=0.0020 r_mean=0.914 conf=1.000 scale=1.00
[RESULT] Quake_10x_Spleen NMI=0.8089409033911228 ARI=0.8899218866541195 meets_baseline=False collapse=False r_mean=0.913 core_frac=0.948
Completed GatedNeighborMix_scMAE. Results saved to: methods/DeepLearning/GatedNeighborMix_scMAE/runs/gated_v2/Quake_10x_Spleen/seed42
