=== a0_baseline seed42 (program=none split=none type_dim=128 pw=0.0) ===
/data/luolie/conda/envs/scssl_bench_py310/lib/python3.10/site-packages/louvain/__init__.py:54: UserWarning: pkg_resources is deprecated as an API. See https://setuptools.pypa.io/en/latest/pkg_resources.html. The pkg_resources package is slated for removal as early as 2025-11-30. Refrain from using this package or pin to Setuptools<81.
  from pkg_resources import get_distribution, DistributionNotFound
/data/luolie/conda/envs/scssl_bench_py310/lib/python3.10/site-packages/scanpy/preprocessing/_highly_variable_genes.py:220: FutureWarning: The default of observed=False is deprecated and will be changed to True in a future version of pandas. Pass observed=False to retain current behavior or observed=True to adopt the future default and silence this warning.
  disp_grouped = df.groupby('mean_bin')['dispersions']
/data/luolie/conda/envs/scssl_bench_py310/lib/python3.10/site-packages/scanpy/preprocessing/_highly_variable_genes.py:220: FutureWarning: The default of observed=False is deprecated and will be changed to True in a future version of pandas. Pass observed=False to retain current behavior or observed=True to adopt the future default and silence this warning.
  disp_grouped = df.groupby('mean_bin')['dispersions']
Device=cuda:1 dataset=Macosko cells=44808 clusters=12 program=none pdim=0 split=none type_dim=128 enc_width=128 varw=0.02
Epoch 001/80 loss=0.4546 base=0.4546 prog=0.0000 sharp=0.0000 var=0.2051 gate=1.000
Epoch 010/80 loss=0.4473 base=0.4473 prog=0.0000 sharp=0.0000 var=0.0030 gate=1.000
Epoch 020/80 loss=0.4470 base=0.4470 prog=0.0000 sharp=0.0000 var=0.0018 gate=1.000
Epoch 030/80 loss=0.4809 base=0.4809 prog=0.0000 sharp=0.1899 var=0.0146 gate=1.000
Epoch 040/80 loss=0.5091 base=0.5091 prog=0.0000 sharp=0.1754 var=0.0046 gate=1.000
Epoch 050/80 loss=0.5060 base=0.5060 prog=0.0000 sharp=0.1664 var=0.0031 gate=1.000
Epoch 060/80 loss=0.5052 base=0.5052 prog=0.0000 sharp=0.1640 var=0.0025 gate=1.000
Epoch 070/80 loss=0.5057 base=0.5057 prog=0.0000 sharp=0.1652 var=0.0027 gate=1.000
Epoch 080/80 loss=0.5095 base=0.5095 prog=0.0000 sharp=0.1755 var=0.0042 gate=1.000
[RESULT] Macosko program=none split=none ARI=0.7790618967498902 NMI=0.6741203462523425 prog_r2=nan aligned_eff_dim=1.7
=== a1_prog_w02 seed42 (program=nmf split=none type_dim=128 pw=0.02) ===
/data/luolie/conda/envs/scssl_bench_py310/lib/python3.10/site-packages/louvain/__init__.py:54: UserWarning: pkg_resources is deprecated as an API. See https://setuptools.pypa.io/en/latest/pkg_resources.html. The pkg_resources package is slated for removal as early as 2025-11-30. Refrain from using this package or pin to Setuptools<81.
  from pkg_resources import get_distribution, DistributionNotFound
/data/luolie/conda/envs/scssl_bench_py310/lib/python3.10/site-packages/scanpy/preprocessing/_highly_variable_genes.py:220: FutureWarning: The default of observed=False is deprecated and will be changed to True in a future version of pandas. Pass observed=False to retain current behavior or observed=True to adopt the future default and silence this warning.
  disp_grouped = df.groupby('mean_bin')['dispersions']
/data/luolie/conda/envs/scssl_bench_py310/lib/python3.10/site-packages/scanpy/preprocessing/_highly_variable_genes.py:220: FutureWarning: The default of observed=False is deprecated and will be changed to True in a future version of pandas. Pass observed=False to retain current behavior or observed=True to adopt the future default and silence this warning.
  disp_grouped = df.groupby('mean_bin')['dispersions']
Device=cuda:1 dataset=Macosko cells=44808 clusters=12 program=nmf pdim=32 split=none type_dim=128 enc_width=128 varw=0.02
Epoch 001/80 loss=0.4700 base=0.4545 prog=0.7739 sharp=0.0000 var=0.2016 gate=1.000
Epoch 010/80 loss=0.4541 base=0.4472 prog=0.3442 sharp=0.0000 var=0.0024 gate=1.000
Epoch 020/80 loss=0.4533 base=0.4467 prog=0.3289 sharp=0.0000 var=0.0017 gate=1.000
Epoch 030/80 loss=0.4912 base=0.4831 prog=0.4065 sharp=0.2046 var=0.0206 gate=1.000
Epoch 040/80 loss=0.5474 base=0.5385 prog=0.4466 sharp=0.2604 var=0.0063 gate=1.000
Epoch 050/80 loss=0.5475 base=0.5387 prog=0.4394 sharp=0.2609 var=0.0048 gate=1.000
Epoch 060/80 loss=0.5462 base=0.5375 prog=0.4335 sharp=0.2575 var=0.0038 gate=1.000
Epoch 070/80 loss=0.5451 base=0.5365 prog=0.4274 sharp=0.2545 var=0.0042 gate=1.000
Epoch 080/80 loss=0.5457 base=0.5371 prog=0.4274 sharp=0.2559 var=0.0055 gate=1.000
[RESULT] Macosko program=nmf split=none ARI=0.3380118875608007 NMI=0.5970063729743448 prog_r2=0.657 aligned_eff_dim=1.8
=== a1_prog_w10 seed42 (program=nmf split=none type_dim=128 pw=0.10) ===
/data/luolie/conda/envs/scssl_bench_py310/lib/python3.10/site-packages/louvain/__init__.py:54: UserWarning: pkg_resources is deprecated as an API. See https://setuptools.pypa.io/en/latest/pkg_resources.html. The pkg_resources package is slated for removal as early as 2025-11-30. Refrain from using this package or pin to Setuptools<81.
  from pkg_resources import get_distribution, DistributionNotFound
/data/luolie/conda/envs/scssl_bench_py310/lib/python3.10/site-packages/scanpy/preprocessing/_highly_variable_genes.py:220: FutureWarning: The default of observed=False is deprecated and will be changed to True in a future version of pandas. Pass observed=False to retain current behavior or observed=True to adopt the future default and silence this warning.
  disp_grouped = df.groupby('mean_bin')['dispersions']
/data/luolie/conda/envs/scssl_bench_py310/lib/python3.10/site-packages/scanpy/preprocessing/_highly_variable_genes.py:220: FutureWarning: The default of observed=False is deprecated and will be changed to True in a future version of pandas. Pass observed=False to retain current behavior or observed=True to adopt the future default and silence this warning.
  disp_grouped = df.groupby('mean_bin')['dispersions']
Device=cuda:1 dataset=Macosko cells=44808 clusters=12 program=nmf pdim=32 split=none type_dim=128 enc_width=128 varw=0.02
Epoch 001/80 loss=0.5204 base=0.4556 prog=0.6484 sharp=0.0000 var=0.2040 gate=1.000
Epoch 010/80 loss=0.4792 base=0.4474 prog=0.3176 sharp=0.0000 var=0.0028 gate=1.000
Epoch 020/80 loss=0.4781 base=0.4470 prog=0.3115 sharp=0.0000 var=0.0021 gate=1.000
Epoch 030/80 loss=0.5171 base=0.4836 prog=0.3346 sharp=0.2080 var=0.0174 gate=1.000
Epoch 040/80 loss=0.5762 base=0.5409 prog=0.3524 sharp=0.2670 var=0.0065 gate=1.000
Epoch 050/80 loss=0.5776 base=0.5428 prog=0.3476 sharp=0.2720 var=0.0062 gate=1.000
Epoch 060/80 loss=0.5762 base=0.5418 prog=0.3437 sharp=0.2688 var=0.0063 gate=1.000
Epoch 070/80 loss=0.5753 base=0.5412 prog=0.3413 sharp=0.2666 var=0.0060 gate=1.000
Epoch 080/80 loss=0.5768 base=0.5428 prog=0.3403 sharp=0.2708 var=0.0077 gate=1.000
[RESULT] Macosko program=nmf split=none ARI=0.45828537547027676 NMI=0.6482350841159815 prog_r2=0.823 aligned_eff_dim=1.9
=== a1_shuffle_w10 seed42 (program=shuffled split=none type_dim=128 pw=0.10) ===
/data/luolie/conda/envs/scssl_bench_py310/lib/python3.10/site-packages/louvain/__init__.py:54: UserWarning: pkg_resources is deprecated as an API. See https://setuptools.pypa.io/en/latest/pkg_resources.html. The pkg_resources package is slated for removal as early as 2025-11-30. Refrain from using this package or pin to Setuptools<81.
  from pkg_resources import get_distribution, DistributionNotFound
/data/luolie/conda/envs/scssl_bench_py310/lib/python3.10/site-packages/scanpy/preprocessing/_highly_variable_genes.py:220: FutureWarning: The default of observed=False is deprecated and will be changed to True in a future version of pandas. Pass observed=False to retain current behavior or observed=True to adopt the future default and silence this warning.
  disp_grouped = df.groupby('mean_bin')['dispersions']
/data/luolie/conda/envs/scssl_bench_py310/lib/python3.10/site-packages/scanpy/preprocessing/_highly_variable_genes.py:220: FutureWarning: The default of observed=False is deprecated and will be changed to True in a future version of pandas. Pass observed=False to retain current behavior or observed=True to adopt the future default and silence this warning.
  disp_grouped = df.groupby('mean_bin')['dispersions']
Device=cuda:1 dataset=Macosko cells=44808 clusters=12 program=shuffled pdim=32 split=none type_dim=128 enc_width=128 varw=0.02
Epoch 001/80 loss=0.5553 base=0.4551 prog=1.0024 sharp=0.0000 var=0.2288 gate=1.000
Epoch 010/80 loss=0.5474 base=0.4473 prog=1.0006 sharp=0.0000 var=0.0028 gate=1.000
Epoch 020/80 loss=0.5471 base=0.4470 prog=1.0004 sharp=0.0000 var=0.0019 gate=1.000
Epoch 030/80 loss=0.5802 base=0.4802 prog=1.0005 sharp=0.1853 var=0.0133 gate=1.000
Epoch 040/80 loss=0.6086 base=0.5086 prog=1.0004 sharp=0.1732 var=0.0036 gate=1.000
Epoch 050/80 loss=0.6069 base=0.5068 prog=1.0003 sharp=0.1680 var=0.0024 gate=1.000
Epoch 060/80 loss=0.6085 base=0.5085 prog=1.0003 sharp=0.1725 var=0.0023 gate=1.000
Epoch 070/80 loss=0.6115 base=0.5115 prog=1.0004 sharp=0.1807 var=0.0027 gate=1.000
Epoch 080/80 loss=0.6160 base=0.5159 prog=1.0003 sharp=0.1931 var=0.0039 gate=1.000
[RESULT] Macosko program=shuffled split=none ARI=0.6316775928511009 NMI=0.6227897140321859 prog_r2=-0.000 aligned_eff_dim=1.6
=== a2_fixed_w10 seed42 (program=nmf split=fixed type_dim=96 pw=0.10) ===
/data/luolie/conda/envs/scssl_bench_py310/lib/python3.10/site-packages/louvain/__init__.py:54: UserWarning: pkg_resources is deprecated as an API. See https://setuptools.pypa.io/en/latest/pkg_resources.html. The pkg_resources package is slated for removal as early as 2025-11-30. Refrain from using this package or pin to Setuptools<81.
  from pkg_resources import get_distribution, DistributionNotFound
/data/luolie/conda/envs/scssl_bench_py310/lib/python3.10/site-packages/scanpy/preprocessing/_highly_variable_genes.py:220: FutureWarning: The default of observed=False is deprecated and will be changed to True in a future version of pandas. Pass observed=False to retain current behavior or observed=True to adopt the future default and silence this warning.
  disp_grouped = df.groupby('mean_bin')['dispersions']
/data/luolie/conda/envs/scssl_bench_py310/lib/python3.10/site-packages/scanpy/preprocessing/_highly_variable_genes.py:220: FutureWarning: The default of observed=False is deprecated and will be changed to True in a future version of pandas. Pass observed=False to retain current behavior or observed=True to adopt the future default and silence this warning.
  disp_grouped = df.groupby('mean_bin')['dispersions']
Device=cuda:1 dataset=Macosko cells=44808 clusters=12 program=nmf pdim=32 split=fixed type_dim=96 enc_width=128 varw=0.02
Epoch 001/80 loss=0.5220 base=0.4540 prog=0.6804 sharp=0.0000 var=0.1613 gate=1.000
Epoch 010/80 loss=0.4794 base=0.4466 prog=0.3280 sharp=0.0000 var=0.0023 gate=1.000
Epoch 020/80 loss=0.4775 base=0.4463 prog=0.3122 sharp=0.0000 var=0.0019 gate=1.000
Epoch 030/80 loss=0.5276 base=0.4957 prog=0.3190 sharp=0.2806 var=0.0183 gate=1.000
Epoch 040/80 loss=0.5804 base=0.5478 prog=0.3260 sharp=0.2892 var=0.0033 gate=1.000
Epoch 050/80 loss=0.5851 base=0.5526 prog=0.3253 sharp=0.3027 var=0.0016 gate=1.000
Epoch 060/80 loss=0.5865 base=0.5541 prog=0.3238 sharp=0.3068 var=0.0012 gate=1.000
Epoch 070/80 loss=0.5889 base=0.5566 prog=0.3230 sharp=0.3135 var=0.0012 gate=1.000
Epoch 080/80 loss=0.5901 base=0.5579 prog=0.3223 sharp=0.3170 var=0.0015 gate=1.000
[RESULT] Macosko program=nmf split=fixed ARI=0.326041364779562 NMI=0.532661327887342 prog_r2=0.859 aligned_eff_dim=1.6
=== a2_extra_w10 seed42 (program=nmf split=extra type_dim=128 pw=0.10) ===
/data/luolie/conda/envs/scssl_bench_py310/lib/python3.10/site-packages/louvain/__init__.py:54: UserWarning: pkg_resources is deprecated as an API. See https://setuptools.pypa.io/en/latest/pkg_resources.html. The pkg_resources package is slated for removal as early as 2025-11-30. Refrain from using this package or pin to Setuptools<81.
  from pkg_resources import get_distribution, DistributionNotFound
/data/luolie/conda/envs/scssl_bench_py310/lib/python3.10/site-packages/scanpy/preprocessing/_highly_variable_genes.py:220: FutureWarning: The default of observed=False is deprecated and will be changed to True in a future version of pandas. Pass observed=False to retain current behavior or observed=True to adopt the future default and silence this warning.
  disp_grouped = df.groupby('mean_bin')['dispersions']
/data/luolie/conda/envs/scssl_bench_py310/lib/python3.10/site-packages/scanpy/preprocessing/_highly_variable_genes.py:220: FutureWarning: The default of observed=False is deprecated and will be changed to True in a future version of pandas. Pass observed=False to retain current behavior or observed=True to adopt the future default and silence this warning.
  disp_grouped = df.groupby('mean_bin')['dispersions']
Device=cuda:1 dataset=Macosko cells=44808 clusters=12 program=nmf pdim=32 split=extra type_dim=128 enc_width=160 varw=0.02
Epoch 001/80 loss=0.5219 base=0.4542 prog=0.6761 sharp=0.0000 var=0.1699 gate=1.000
Epoch 010/80 loss=0.4788 base=0.4468 prog=0.3200 sharp=0.0000 var=0.0028 gate=1.000
Epoch 020/80 loss=0.4775 base=0.4464 prog=0.3105 sharp=0.0000 var=0.0022 gate=1.000
Epoch 030/80 loss=0.5256 base=0.4938 prog=0.3183 sharp=0.2673 var=0.0314 gate=1.000
Epoch 040/80 loss=0.5766 base=0.5441 prog=0.3246 sharp=0.2777 var=0.0093 gate=1.000
Epoch 050/80 loss=0.5747 base=0.5423 prog=0.3238 sharp=0.2724 var=0.0069 gate=1.000
Epoch 060/80 loss=0.5735 base=0.5412 prog=0.3227 sharp=0.2694 var=0.0050 gate=1.000
Epoch 070/80 loss=0.5733 base=0.5411 prog=0.3219 sharp=0.2689 var=0.0048 gate=1.000
Epoch 080/80 loss=0.5731 base=0.5409 prog=0.3216 sharp=0.2679 var=0.0068 gate=1.000
[RESULT] Macosko program=nmf split=extra ARI=0.3049244580615495 NMI=0.5536672978459115 prog_r2=0.860 aligned_eff_dim=1.5
=== a0_baseline seed43 (program=none split=none type_dim=128 pw=0.0) ===
/data/luolie/conda/envs/scssl_bench_py310/lib/python3.10/site-packages/louvain/__init__.py:54: UserWarning: pkg_resources is deprecated as an API. See https://setuptools.pypa.io/en/latest/pkg_resources.html. The pkg_resources package is slated for removal as early as 2025-11-30. Refrain from using this package or pin to Setuptools<81.
  from pkg_resources import get_distribution, DistributionNotFound
/data/luolie/conda/envs/scssl_bench_py310/lib/python3.10/site-packages/scanpy/preprocessing/_highly_variable_genes.py:220: FutureWarning: The default of observed=False is deprecated and will be changed to True in a future version of pandas. Pass observed=False to retain current behavior or observed=True to adopt the future default and silence this warning.
  disp_grouped = df.groupby('mean_bin')['dispersions']
/data/luolie/conda/envs/scssl_bench_py310/lib/python3.10/site-packages/scanpy/preprocessing/_highly_variable_genes.py:220: FutureWarning: The default of observed=False is deprecated and will be changed to True in a future version of pandas. Pass observed=False to retain current behavior or observed=True to adopt the future default and silence this warning.
  disp_grouped = df.groupby('mean_bin')['dispersions']
Device=cuda:1 dataset=Macosko cells=44808 clusters=12 program=none pdim=0 split=none type_dim=128 enc_width=128 varw=0.02
Epoch 001/80 loss=0.4546 base=0.4546 prog=0.0000 sharp=0.0000 var=0.2061 gate=1.000
Epoch 010/80 loss=0.4473 base=0.4473 prog=0.0000 sharp=0.0000 var=0.0034 gate=1.000
Epoch 020/80 loss=0.4470 base=0.4470 prog=0.0000 sharp=0.0000 var=0.0023 gate=1.000
Epoch 030/80 loss=0.4775 base=0.4775 prog=0.0000 sharp=0.1708 var=0.0162 gate=1.000
Epoch 040/80 loss=0.5050 base=0.5050 prog=0.0000 sharp=0.1640 var=0.0056 gate=1.000
Epoch 050/80 loss=0.5039 base=0.5039 prog=0.0000 sharp=0.1607 var=0.0037 gate=1.000
Epoch 060/80 loss=0.5034 base=0.5034 prog=0.0000 sharp=0.1591 var=0.0034 gate=1.000
Epoch 070/80 loss=0.5048 base=0.5048 prog=0.0000 sharp=0.1629 var=0.0032 gate=1.000
Epoch 080/80 loss=0.5079 base=0.5079 prog=0.0000 sharp=0.1716 var=0.0044 gate=1.000
[RESULT] Macosko program=none split=none ARI=0.7296442054543585 NMI=0.662205483252667 prog_r2=nan aligned_eff_dim=1.6
=== a1_prog_w02 seed43 (program=nmf split=none type_dim=128 pw=0.02) ===
/data/luolie/conda/envs/scssl_bench_py310/lib/python3.10/site-packages/louvain/__init__.py:54: UserWarning: pkg_resources is deprecated as an API. See https://setuptools.pypa.io/en/latest/pkg_resources.html. The pkg_resources package is slated for removal as early as 2025-11-30. Refrain from using this package or pin to Setuptools<81.
  from pkg_resources import get_distribution, DistributionNotFound
/data/luolie/conda/envs/scssl_bench_py310/lib/python3.10/site-packages/scanpy/preprocessing/_highly_variable_genes.py:220: FutureWarning: The default of observed=False is deprecated and will be changed to True in a future version of pandas. Pass observed=False to retain current behavior or observed=True to adopt the future default and silence this warning.
  disp_grouped = df.groupby('mean_bin')['dispersions']
/data/luolie/conda/envs/scssl_bench_py310/lib/python3.10/site-packages/scanpy/preprocessing/_highly_variable_genes.py:220: FutureWarning: The default of observed=False is deprecated and will be changed to True in a future version of pandas. Pass observed=False to retain current behavior or observed=True to adopt the future default and silence this warning.
  disp_grouped = df.groupby('mean_bin')['dispersions']
Device=cuda:1 dataset=Macosko cells=44808 clusters=12 program=nmf pdim=32 split=none type_dim=128 enc_width=128 varw=0.02
Epoch 001/80 loss=0.4698 base=0.4543 prog=0.7710 sharp=0.0000 var=0.1948 gate=1.000
Epoch 010/80 loss=0.4540 base=0.4471 prog=0.3441 sharp=0.0000 var=0.0029 gate=1.000
Epoch 020/80 loss=0.4532 base=0.4467 prog=0.3296 sharp=0.0000 var=0.0022 gate=1.000
Epoch 030/80 loss=0.4948 base=0.4867 prog=0.4074 sharp=0.2246 var=0.0223 gate=1.000
Epoch 040/80 loss=0.5716 base=0.5627 prog=0.4466 sharp=0.3292 var=0.0082 gate=1.000
Epoch 050/80 loss=0.5786 base=0.5698 prog=0.4387 sharp=0.3494 var=0.0063 gate=1.000
Epoch 060/80 loss=0.5771 base=0.5684 prog=0.4365 sharp=0.3451 var=0.0062 gate=1.000
Epoch 070/80 loss=0.5792 base=0.5705 prog=0.4343 sharp=0.3508 var=0.0063 gate=1.000
Epoch 080/80 loss=0.5774 base=0.5688 prog=0.4343 sharp=0.3454 var=0.0082 gate=1.000
[RESULT] Macosko program=nmf split=none ARI=0.324928270696609 NMI=0.5960077824967575 prog_r2=0.655 aligned_eff_dim=1.8
=== a1_prog_w10 seed43 (program=nmf split=none type_dim=128 pw=0.10) ===
/data/luolie/conda/envs/scssl_bench_py310/lib/python3.10/site-packages/louvain/__init__.py:54: UserWarning: pkg_resources is deprecated as an API. See https://setuptools.pypa.io/en/latest/pkg_resources.html. The pkg_resources package is slated for removal as early as 2025-11-30. Refrain from using this package or pin to Setuptools<81.
  from pkg_resources import get_distribution, DistributionNotFound
/data/luolie/conda/envs/scssl_bench_py310/lib/python3.10/site-packages/scanpy/preprocessing/_highly_variable_genes.py:220: FutureWarning: The default of observed=False is deprecated and will be changed to True in a future version of pandas. Pass observed=False to retain current behavior or observed=True to adopt the future default and silence this warning.
  disp_grouped = df.groupby('mean_bin')['dispersions']
/data/luolie/conda/envs/scssl_bench_py310/lib/python3.10/site-packages/scanpy/preprocessing/_highly_variable_genes.py:220: FutureWarning: The default of observed=False is deprecated and will be changed to True in a future version of pandas. Pass observed=False to retain current behavior or observed=True to adopt the future default and silence this warning.
  disp_grouped = df.groupby('mean_bin')['dispersions']
Device=cuda:1 dataset=Macosko cells=44808 clusters=12 program=nmf pdim=32 split=none type_dim=128 enc_width=128 varw=0.02
Epoch 001/80 loss=0.5205 base=0.4553 prog=0.6521 sharp=0.0000 var=0.1931 gate=1.000
Epoch 010/80 loss=0.4790 base=0.4473 prog=0.3173 sharp=0.0000 var=0.0026 gate=1.000
Epoch 020/80 loss=0.4779 base=0.4469 prog=0.3103 sharp=0.0000 var=0.0024 gate=1.000
Epoch 030/80 loss=0.5142 base=0.4807 prog=0.3347 sharp=0.1921 var=0.0152 gate=1.000
Epoch 040/80 loss=0.5719 base=0.5368 prog=0.3508 sharp=0.2558 var=0.0050 gate=1.000
Epoch 050/80 loss=0.5743 base=0.5397 prog=0.3459 sharp=0.2638 var=0.0043 gate=1.000
Epoch 060/80 loss=0.5723 base=0.5381 prog=0.3425 sharp=0.2587 var=0.0049 gate=1.000
Epoch 070/80 loss=0.5727 base=0.5385 prog=0.3415 sharp=0.2597 var=0.0055 gate=1.000
Epoch 080/80 loss=0.5716 base=0.5376 prog=0.3400 sharp=0.2565 var=0.0065 gate=1.000
[RESULT] Macosko program=nmf split=none ARI=0.3560926595599097 NMI=0.6067401865756863 prog_r2=0.823 aligned_eff_dim=1.9
=== a1_shuffle_w10 seed43 (program=shuffled split=none type_dim=128 pw=0.10) ===
/data/luolie/conda/envs/scssl_bench_py310/lib/python3.10/site-packages/louvain/__init__.py:54: UserWarning: pkg_resources is deprecated as an API. See https://setuptools.pypa.io/en/latest/pkg_resources.html. The pkg_resources package is slated for removal as early as 2025-11-30. Refrain from using this package or pin to Setuptools<81.
  from pkg_resources import get_distribution, DistributionNotFound
/data/luolie/conda/envs/scssl_bench_py310/lib/python3.10/site-packages/scanpy/preprocessing/_highly_variable_genes.py:220: FutureWarning: The default of observed=False is deprecated and will be changed to True in a future version of pandas. Pass observed=False to retain current behavior or observed=True to adopt the future default and silence this warning.
  disp_grouped = df.groupby('mean_bin')['dispersions']
/data/luolie/conda/envs/scssl_bench_py310/lib/python3.10/site-packages/scanpy/preprocessing/_highly_variable_genes.py:220: FutureWarning: The default of observed=False is deprecated and will be changed to True in a future version of pandas. Pass observed=False to retain current behavior or observed=True to adopt the future default and silence this warning.
  disp_grouped = df.groupby('mean_bin')['dispersions']
Device=cuda:1 dataset=Macosko cells=44808 clusters=12 program=shuffled pdim=32 split=none type_dim=128 enc_width=128 varw=0.02
Epoch 001/80 loss=0.5551 base=0.4549 prog=1.0021 sharp=0.0000 var=0.2178 gate=1.000
Epoch 010/80 loss=0.5473 base=0.4473 prog=1.0006 sharp=0.0000 var=0.0032 gate=1.000
Epoch 020/80 loss=0.5470 base=0.4469 prog=1.0005 sharp=0.0000 var=0.0023 gate=1.000
Epoch 030/80 loss=0.5791 base=0.4790 prog=1.0004 sharp=0.1802 var=0.0149 gate=1.000
Epoch 040/80 loss=0.6089 base=0.5089 prog=1.0002 sharp=0.1754 var=0.0053 gate=1.000
Epoch 050/80 loss=0.6085 base=0.5085 prog=1.0002 sharp=0.1741 var=0.0039 gate=1.000
Epoch 060/80 loss=0.6085 base=0.5085 prog=1.0002 sharp=0.1739 var=0.0035 gate=1.000
Epoch 070/80 loss=0.6126 base=0.5126 prog=1.0002 sharp=0.1855 var=0.0037 gate=1.000
Epoch 080/80 loss=0.6198 base=0.5198 prog=1.0002 sharp=0.2058 var=0.0050 gate=1.000
[RESULT] Macosko program=shuffled split=none ARI=0.5363338698458845 NMI=0.6293986566508786 prog_r2=-0.000 aligned_eff_dim=1.8
=== a2_fixed_w10 seed43 (program=nmf split=fixed type_dim=96 pw=0.10) ===
/data/luolie/conda/envs/scssl_bench_py310/lib/python3.10/site-packages/louvain/__init__.py:54: UserWarning: pkg_resources is deprecated as an API. See https://setuptools.pypa.io/en/latest/pkg_resources.html. The pkg_resources package is slated for removal as early as 2025-11-30. Refrain from using this package or pin to Setuptools<81.
  from pkg_resources import get_distribution, DistributionNotFound
/data/luolie/conda/envs/scssl_bench_py310/lib/python3.10/site-packages/scanpy/preprocessing/_highly_variable_genes.py:220: FutureWarning: The default of observed=False is deprecated and will be changed to True in a future version of pandas. Pass observed=False to retain current behavior or observed=True to adopt the future default and silence this warning.
  disp_grouped = df.groupby('mean_bin')['dispersions']
/data/luolie/conda/envs/scssl_bench_py310/lib/python3.10/site-packages/scanpy/preprocessing/_highly_variable_genes.py:220: FutureWarning: The default of observed=False is deprecated and will be changed to True in a future version of pandas. Pass observed=False to retain current behavior or observed=True to adopt the future default and silence this warning.
  disp_grouped = df.groupby('mean_bin')['dispersions']
Device=cuda:1 dataset=Macosko cells=44808 clusters=12 program=nmf pdim=32 split=fixed type_dim=96 enc_width=128 varw=0.02
Epoch 001/80 loss=0.5218 base=0.4539 prog=0.6789 sharp=0.0000 var=0.1542 gate=1.000
Epoch 010/80 loss=0.4787 base=0.4466 prog=0.3210 sharp=0.0000 var=0.0025 gate=1.000
Epoch 020/80 loss=0.4777 base=0.4463 prog=0.3135 sharp=0.0000 var=0.0019 gate=1.000
Epoch 030/80 loss=0.5262 base=0.4939 prog=0.3228 sharp=0.2700 var=0.0145 gate=1.000
Epoch 040/80 loss=0.5831 base=0.5503 prog=0.3285 sharp=0.2961 var=0.0026 gate=1.000
Epoch 050/80 loss=0.5891 base=0.5566 prog=0.3255 sharp=0.3138 var=0.0009 gate=1.000
Epoch 060/80 loss=0.5892 base=0.5567 prog=0.3247 sharp=0.3138 var=0.0003 gate=1.000
Epoch 070/80 loss=0.5926 base=0.5603 prog=0.3228 sharp=0.3238 var=0.0002 gate=1.000
Epoch 080/80 loss=0.5949 base=0.5626 prog=0.3229 sharp=0.3301 var=0.0002 gate=1.000
[RESULT] Macosko program=nmf split=fixed ARI=0.25358998152090056 NMI=0.4907898243562008 prog_r2=0.860 aligned_eff_dim=1.4
=== a2_extra_w10 seed43 (program=nmf split=extra type_dim=128 pw=0.10) ===
/data/luolie/conda/envs/scssl_bench_py310/lib/python3.10/site-packages/louvain/__init__.py:54: UserWarning: pkg_resources is deprecated as an API. See https://setuptools.pypa.io/en/latest/pkg_resources.html. The pkg_resources package is slated for removal as early as 2025-11-30. Refrain from using this package or pin to Setuptools<81.
  from pkg_resources import get_distribution, DistributionNotFound
/data/luolie/conda/envs/scssl_bench_py310/lib/python3.10/site-packages/scanpy/preprocessing/_highly_variable_genes.py:220: FutureWarning: The default of observed=False is deprecated and will be changed to True in a future version of pandas. Pass observed=False to retain current behavior or observed=True to adopt the future default and silence this warning.
  disp_grouped = df.groupby('mean_bin')['dispersions']
/data/luolie/conda/envs/scssl_bench_py310/lib/python3.10/site-packages/scanpy/preprocessing/_highly_variable_genes.py:220: FutureWarning: The default of observed=False is deprecated and will be changed to True in a future version of pandas. Pass observed=False to retain current behavior or observed=True to adopt the future default and silence this warning.
  disp_grouped = df.groupby('mean_bin')['dispersions']
Device=cuda:1 dataset=Macosko cells=44808 clusters=12 program=nmf pdim=32 split=extra type_dim=128 enc_width=160 varw=0.02
Epoch 001/80 loss=0.5212 base=0.4542 prog=0.6699 sharp=0.0000 var=0.1626 gate=1.000
Epoch 010/80 loss=0.4789 base=0.4468 prog=0.3220 sharp=0.0000 var=0.0032 gate=1.000
Epoch 020/80 loss=0.4772 base=0.4463 prog=0.3083 sharp=0.0000 var=0.0025 gate=1.000
Epoch 030/80 loss=0.5252 base=0.4935 prog=0.3170 sharp=0.2661 var=0.0299 gate=1.000
Epoch 040/80 loss=0.5782 base=0.5458 prog=0.3242 sharp=0.2825 var=0.0112 gate=1.000
Epoch 050/80 loss=0.5790 base=0.5467 prog=0.3230 sharp=0.2851 var=0.0063 gate=1.000
Epoch 060/80 loss=0.5756 base=0.5433 prog=0.3231 sharp=0.2752 var=0.0051 gate=1.000
Epoch 070/80 loss=0.5770 base=0.5449 prog=0.3219 sharp=0.2794 var=0.0045 gate=1.000
Epoch 080/80 loss=0.5776 base=0.5454 prog=0.3219 sharp=0.2806 var=0.0058 gate=1.000
[RESULT] Macosko program=nmf split=extra ARI=0.3118896161579691 NMI=0.536518167480996 prog_r2=0.863 aligned_eff_dim=1.5
=== a0_baseline seed44 (program=none split=none type_dim=128 pw=0.0) ===
/data/luolie/conda/envs/scssl_bench_py310/lib/python3.10/site-packages/louvain/__init__.py:54: UserWarning: pkg_resources is deprecated as an API. See https://setuptools.pypa.io/en/latest/pkg_resources.html. The pkg_resources package is slated for removal as early as 2025-11-30. Refrain from using this package or pin to Setuptools<81.
  from pkg_resources import get_distribution, DistributionNotFound
/data/luolie/conda/envs/scssl_bench_py310/lib/python3.10/site-packages/scanpy/preprocessing/_highly_variable_genes.py:220: FutureWarning: The default of observed=False is deprecated and will be changed to True in a future version of pandas. Pass observed=False to retain current behavior or observed=True to adopt the future default and silence this warning.
  disp_grouped = df.groupby('mean_bin')['dispersions']
/data/luolie/conda/envs/scssl_bench_py310/lib/python3.10/site-packages/scanpy/preprocessing/_highly_variable_genes.py:220: FutureWarning: The default of observed=False is deprecated and will be changed to True in a future version of pandas. Pass observed=False to retain current behavior or observed=True to adopt the future default and silence this warning.
  disp_grouped = df.groupby('mean_bin')['dispersions']
Device=cuda:1 dataset=Macosko cells=44808 clusters=12 program=none pdim=0 split=none type_dim=128 enc_width=128 varw=0.02
Epoch 001/80 loss=0.4544 base=0.4544 prog=0.0000 sharp=0.0000 var=0.1931 gate=1.000
Epoch 010/80 loss=0.4472 base=0.4472 prog=0.0000 sharp=0.0000 var=0.0023 gate=1.000
Epoch 020/80 loss=0.4470 base=0.4470 prog=0.0000 sharp=0.0000 var=0.0026 gate=1.000
Epoch 030/80 loss=0.4789 base=0.4789 prog=0.0000 sharp=0.1796 var=0.0126 gate=1.000
Epoch 040/80 loss=0.5060 base=0.5060 prog=0.0000 sharp=0.1669 var=0.0051 gate=1.000
Epoch 050/80 loss=0.5030 base=0.5030 prog=0.0000 sharp=0.1581 var=0.0032 gate=1.000
Epoch 060/80 loss=0.5021 base=0.5021 prog=0.0000 sharp=0.1554 var=0.0035 gate=1.000
Epoch 070/80 loss=0.5035 base=0.5035 prog=0.0000 sharp=0.1589 var=0.0039 gate=1.000
Epoch 080/80 loss=0.5035 base=0.5035 prog=0.0000 sharp=0.1591 var=0.0049 gate=1.000
[RESULT] Macosko program=none split=none ARI=0.7246690322394729 NMI=0.6643072851929045 prog_r2=nan aligned_eff_dim=1.6
=== a1_prog_w02 seed44 (program=nmf split=none type_dim=128 pw=0.02) ===
/data/luolie/conda/envs/scssl_bench_py310/lib/python3.10/site-packages/louvain/__init__.py:54: UserWarning: pkg_resources is deprecated as an API. See https://setuptools.pypa.io/en/latest/pkg_resources.html. The pkg_resources package is slated for removal as early as 2025-11-30. Refrain from using this package or pin to Setuptools<81.
  from pkg_resources import get_distribution, DistributionNotFound
/data/luolie/conda/envs/scssl_bench_py310/lib/python3.10/site-packages/scanpy/preprocessing/_highly_variable_genes.py:220: FutureWarning: The default of observed=False is deprecated and will be changed to True in a future version of pandas. Pass observed=False to retain current behavior or observed=True to adopt the future default and silence this warning.
  disp_grouped = df.groupby('mean_bin')['dispersions']
/data/luolie/conda/envs/scssl_bench_py310/lib/python3.10/site-packages/scanpy/preprocessing/_highly_variable_genes.py:220: FutureWarning: The default of observed=False is deprecated and will be changed to True in a future version of pandas. Pass observed=False to retain current behavior or observed=True to adopt the future default and silence this warning.
  disp_grouped = df.groupby('mean_bin')['dispersions']
Device=cuda:1 dataset=Macosko cells=44808 clusters=12 program=nmf pdim=32 split=none type_dim=128 enc_width=128 varw=0.02
Epoch 001/80 loss=0.4698 base=0.4542 prog=0.7775 sharp=0.0000 var=0.1855 gate=1.000
Epoch 010/80 loss=0.4542 base=0.4472 prog=0.3525 sharp=0.0000 var=0.0023 gate=1.000
Epoch 020/80 loss=0.4535 base=0.4467 prog=0.3395 sharp=0.0000 var=0.0022 gate=1.000
Epoch 030/80 loss=0.4924 base=0.4841 prog=0.4158 sharp=0.2107 var=0.0190 gate=1.000
Epoch 040/80 loss=0.5481 base=0.5390 prog=0.4544 sharp=0.2622 var=0.0061 gate=1.000
Epoch 050/80 loss=0.5471 base=0.5381 prog=0.4470 sharp=0.2597 var=0.0034 gate=1.000
Epoch 060/80 loss=0.5472 base=0.5384 prog=0.4426 sharp=0.2602 var=0.0034 gate=1.000
Epoch 070/80 loss=0.5462 base=0.5375 prog=0.4387 sharp=0.2573 var=0.0037 gate=1.000
Epoch 080/80 loss=0.5439 base=0.5351 prog=0.4395 sharp=0.2506 var=0.0042 gate=1.000
[RESULT] Macosko program=nmf split=none ARI=0.34114743454326046 NMI=0.5943904740545273 prog_r2=0.642 aligned_eff_dim=1.8
=== a1_prog_w10 seed44 (program=nmf split=none type_dim=128 pw=0.10) ===
/data/luolie/conda/envs/scssl_bench_py310/lib/python3.10/site-packages/louvain/__init__.py:54: UserWarning: pkg_resources is deprecated as an API. See https://setuptools.pypa.io/en/latest/pkg_resources.html. The pkg_resources package is slated for removal as early as 2025-11-30. Refrain from using this package or pin to Setuptools<81.
  from pkg_resources import get_distribution, DistributionNotFound
/data/luolie/conda/envs/scssl_bench_py310/lib/python3.10/site-packages/scanpy/preprocessing/_highly_variable_genes.py:220: FutureWarning: The default of observed=False is deprecated and will be changed to True in a future version of pandas. Pass observed=False to retain current behavior or observed=True to adopt the future default and silence this warning.
  disp_grouped = df.groupby('mean_bin')['dispersions']
/data/luolie/conda/envs/scssl_bench_py310/lib/python3.10/site-packages/scanpy/preprocessing/_highly_variable_genes.py:220: FutureWarning: The default of observed=False is deprecated and will be changed to True in a future version of pandas. Pass observed=False to retain current behavior or observed=True to adopt the future default and silence this warning.
  disp_grouped = df.groupby('mean_bin')['dispersions']
Device=cuda:1 dataset=Macosko cells=44808 clusters=12 program=nmf pdim=32 split=none type_dim=128 enc_width=128 varw=0.02
Epoch 001/80 loss=0.5217 base=0.4555 prog=0.6616 sharp=0.0000 var=0.2057 gate=1.000
Epoch 010/80 loss=0.4800 base=0.4474 prog=0.3261 sharp=0.0000 var=0.0026 gate=1.000
Epoch 020/80 loss=0.4789 base=0.4470 prog=0.3190 sharp=0.0000 var=0.0022 gate=1.000
Epoch 030/80 loss=0.5194 base=0.4850 prog=0.3440 sharp=0.2161 var=0.0160 gate=1.000
Epoch 040/80 loss=0.5943 base=0.5583 prog=0.3597 sharp=0.3170 var=0.0059 gate=1.000
Epoch 050/80 loss=0.6013 base=0.5657 prog=0.3567 sharp=0.3375 var=0.0042 gate=1.000
Epoch 060/80 loss=0.6048 base=0.5694 prog=0.3535 sharp=0.3478 var=0.0050 gate=1.000
Epoch 070/80 loss=0.6016 base=0.5665 prog=0.3507 sharp=0.3390 var=0.0054 gate=1.000
Epoch 080/80 loss=0.6011 base=0.5662 prog=0.3490 sharp=0.3382 var=0.0062 gate=1.000
[RESULT] Macosko program=nmf split=none ARI=0.3227842251773983 NMI=0.5891332963183509 prog_r2=0.817 aligned_eff_dim=1.9
=== a1_shuffle_w10 seed44 (program=shuffled split=none type_dim=128 pw=0.10) ===
/data/luolie/conda/envs/scssl_bench_py310/lib/python3.10/site-packages/louvain/__init__.py:54: UserWarning: pkg_resources is deprecated as an API. See https://setuptools.pypa.io/en/latest/pkg_resources.html. The pkg_resources package is slated for removal as early as 2025-11-30. Refrain from using this package or pin to Setuptools<81.
  from pkg_resources import get_distribution, DistributionNotFound
/data/luolie/conda/envs/scssl_bench_py310/lib/python3.10/site-packages/scanpy/preprocessing/_highly_variable_genes.py:220: FutureWarning: The default of observed=False is deprecated and will be changed to True in a future version of pandas. Pass observed=False to retain current behavior or observed=True to adopt the future default and silence this warning.
  disp_grouped = df.groupby('mean_bin')['dispersions']
/data/luolie/conda/envs/scssl_bench_py310/lib/python3.10/site-packages/scanpy/preprocessing/_highly_variable_genes.py:220: FutureWarning: The default of observed=False is deprecated and will be changed to True in a future version of pandas. Pass observed=False to retain current behavior or observed=True to adopt the future default and silence this warning.
  disp_grouped = df.groupby('mean_bin')['dispersions']
Device=cuda:1 dataset=Macosko cells=44808 clusters=12 program=shuffled pdim=32 split=none type_dim=128 enc_width=128 varw=0.02
Epoch 001/80 loss=0.5551 base=0.4548 prog=1.0026 sharp=0.0000 var=0.2138 gate=1.000
Epoch 010/80 loss=0.5473 base=0.4473 prog=1.0007 sharp=0.0000 var=0.0025 gate=1.000
Epoch 020/80 loss=0.5470 base=0.4470 prog=1.0005 sharp=0.0000 var=0.0025 gate=1.000
Epoch 030/80 loss=0.5789 base=0.4788 prog=1.0004 sharp=0.1794 var=0.0132 gate=1.000
Epoch 040/80 loss=0.6073 base=0.5072 prog=1.0003 sharp=0.1704 var=0.0057 gate=1.000
Epoch 050/80 loss=0.6038 base=0.5038 prog=1.0003 sharp=0.1606 var=0.0039 gate=1.000
Epoch 060/80 loss=0.6052 base=0.5052 prog=1.0002 sharp=0.1643 var=0.0044 gate=1.000
Epoch 070/80 loss=0.6089 base=0.5088 prog=1.0002 sharp=0.1742 var=0.0051 gate=1.000
Epoch 080/80 loss=0.6132 base=0.5132 prog=1.0002 sharp=0.1866 var=0.0065 gate=1.000
[RESULT] Macosko program=shuffled split=none ARI=0.6949345627503521 NMI=0.6512523129154714 prog_r2=-0.000 aligned_eff_dim=1.6
=== a2_fixed_w10 seed44 (program=nmf split=fixed type_dim=96 pw=0.10) ===
/data/luolie/conda/envs/scssl_bench_py310/lib/python3.10/site-packages/louvain/__init__.py:54: UserWarning: pkg_resources is deprecated as an API. See https://setuptools.pypa.io/en/latest/pkg_resources.html. The pkg_resources package is slated for removal as early as 2025-11-30. Refrain from using this package or pin to Setuptools<81.
  from pkg_resources import get_distribution, DistributionNotFound
/data/luolie/conda/envs/scssl_bench_py310/lib/python3.10/site-packages/scanpy/preprocessing/_highly_variable_genes.py:220: FutureWarning: The default of observed=False is deprecated and will be changed to True in a future version of pandas. Pass observed=False to retain current behavior or observed=True to adopt the future default and silence this warning.
  disp_grouped = df.groupby('mean_bin')['dispersions']
/data/luolie/conda/envs/scssl_bench_py310/lib/python3.10/site-packages/scanpy/preprocessing/_highly_variable_genes.py:220: FutureWarning: The default of observed=False is deprecated and will be changed to True in a future version of pandas. Pass observed=False to retain current behavior or observed=True to adopt the future default and silence this warning.
  disp_grouped = df.groupby('mean_bin')['dispersions']
Device=cuda:1 dataset=Macosko cells=44808 clusters=12 program=nmf pdim=32 split=fixed type_dim=96 enc_width=128 varw=0.02
Epoch 001/80 loss=0.5227 base=0.4539 prog=0.6878 sharp=0.0000 var=0.1586 gate=1.000
Epoch 010/80 loss=0.4797 base=0.4467 prog=0.3308 sharp=0.0000 var=0.0031 gate=1.000
Epoch 020/80 loss=0.4780 base=0.4463 prog=0.3171 sharp=0.0000 var=0.0016 gate=1.000
Epoch 030/80 loss=0.5242 base=0.4913 prog=0.3282 sharp=0.2557 var=0.0124 gate=1.000
Epoch 040/80 loss=0.5654 base=0.5321 prog=0.3327 sharp=0.2443 var=0.0024 gate=1.000
Epoch 050/80 loss=0.5638 base=0.5305 prog=0.3330 sharp=0.2392 var=0.0004 gate=1.000
Epoch 060/80 loss=0.5627 base=0.5295 prog=0.3314 sharp=0.2362 var=0.0004 gate=1.000
Epoch 070/80 loss=0.5590 base=0.5261 prog=0.3295 sharp=0.2260 var=0.0005 gate=1.000
Epoch 080/80 loss=0.5571 base=0.5241 prog=0.3295 sharp=0.2204 var=0.0008 gate=1.000
[RESULT] Macosko program=nmf split=fixed ARI=0.5773009049436812 NMI=0.6111596874332896 prog_r2=0.859 aligned_eff_dim=1.6
=== a2_extra_w10 seed44 (program=nmf split=extra type_dim=128 pw=0.10) ===
/data/luolie/conda/envs/scssl_bench_py310/lib/python3.10/site-packages/louvain/__init__.py:54: UserWarning: pkg_resources is deprecated as an API. See https://setuptools.pypa.io/en/latest/pkg_resources.html. The pkg_resources package is slated for removal as early as 2025-11-30. Refrain from using this package or pin to Setuptools<81.
  from pkg_resources import get_distribution, DistributionNotFound
/data/luolie/conda/envs/scssl_bench_py310/lib/python3.10/site-packages/scanpy/preprocessing/_highly_variable_genes.py:220: FutureWarning: The default of observed=False is deprecated and will be changed to True in a future version of pandas. Pass observed=False to retain current behavior or observed=True to adopt the future default and silence this warning.
  disp_grouped = df.groupby('mean_bin')['dispersions']
/data/luolie/conda/envs/scssl_bench_py310/lib/python3.10/site-packages/scanpy/preprocessing/_highly_variable_genes.py:220: FutureWarning: The default of observed=False is deprecated and will be changed to True in a future version of pandas. Pass observed=False to retain current behavior or observed=True to adopt the future default and silence this warning.
  disp_grouped = df.groupby('mean_bin')['dispersions']
Device=cuda:1 dataset=Macosko cells=44808 clusters=12 program=nmf pdim=32 split=extra type_dim=128 enc_width=160 varw=0.02
Epoch 001/80 loss=0.5216 base=0.4539 prog=0.6771 sharp=0.0000 var=0.1549 gate=1.000
Epoch 010/80 loss=0.4795 base=0.4468 prog=0.3261 sharp=0.0000 var=0.0034 gate=1.000
Epoch 020/80 loss=0.4779 base=0.4463 prog=0.3162 sharp=0.0000 var=0.0023 gate=1.000
Epoch 030/80 loss=0.5229 base=0.4901 prog=0.3283 sharp=0.2473 var=0.0249 gate=1.000
Epoch 040/80 loss=0.5635 base=0.5303 prog=0.3321 sharp=0.2384 var=0.0085 gate=1.000
Epoch 050/80 loss=0.5614 base=0.5283 prog=0.3313 sharp=0.2327 var=0.0035 gate=1.000
Epoch 060/80 loss=0.5647 base=0.5317 prog=0.3308 sharp=0.2419 var=0.0038 gate=1.000
Epoch 070/80 loss=0.5645 base=0.5316 prog=0.3288 sharp=0.2417 var=0.0040 gate=1.000
Epoch 080/80 loss=0.5651 base=0.5322 prog=0.3290 sharp=0.2431 var=0.0046 gate=1.000
[RESULT] Macosko program=nmf split=extra ARI=0.4071941841211945 NMI=0.5592594791901396 prog_r2=0.862 aligned_eff_dim=1.5
ALL DONE
Traceback (most recent call last):
  File "/home/luolie/biopipeline/dimension-reduction/plantnet/experiment_reports/program_bottleneck_ablation_20260703/summarize.py", line 143, in <module>
    raise SystemExit(main())
  File "/home/luolie/biopipeline/dimension-reduction/plantnet/experiment_reports/program_bottleneck_ablation_20260703/summarize.py", line 103, in main
    f"{fmt([r['program_r2'] for r in g], 3)} |\n"
  File "/home/luolie/biopipeline/dimension-reduction/plantnet/experiment_reports/program_bottleneck_ablation_20260703/summarize.py", line 26, in fmt
    mean, sd = mean_sd(values)
  File "/home/luolie/biopipeline/dimension-reduction/plantnet/experiment_reports/program_bottleneck_ablation_20260703/summarize.py", line 22, in mean_sd
    return float(statistics.mean(values)), float(statistics.stdev(values))
  File "/data/luolie/conda/envs/scssl_bench_py310/lib/python3.10/statistics.py", line 828, in stdev
    var = variance(data, xbar)
  File "/data/luolie/conda/envs/scssl_bench_py310/lib/python3.10/statistics.py", line 768, in variance
    T, ss = _ss(data, xbar)
  File "/data/luolie/conda/envs/scssl_bench_py310/lib/python3.10/statistics.py", line 709, in _ss
    mean_n, mean_d = (total / count).as_integer_ratio()
ValueError: cannot convert NaN to integer ratio
