/data/luolie/conda/envs/scssl_bench_py310/lib/python3.10/site-packages/louvain/__init__.py:54: UserWarning: pkg_resources is deprecated as an API. See https://setuptools.pypa.io/en/latest/pkg_resources.html. The pkg_resources package is slated for removal as early as 2025-11-30. Refrain from using this package or pin to Setuptools<81.
  from pkg_resources import get_distribution, DistributionNotFound
/data/luolie/conda/envs/scssl_bench_py310/lib/python3.10/site-packages/scanpy/preprocessing/_highly_variable_genes.py:220: FutureWarning: The default of observed=False is deprecated and will be changed to True in a future version of pandas. Pass observed=False to retain current behavior or observed=True to adopt the future default and silence this warning.
  disp_grouped = df.groupby('mean_bin')['dispersions']
/data/luolie/conda/envs/scssl_bench_py310/lib/python3.10/site-packages/scanpy/preprocessing/_highly_variable_genes.py:220: FutureWarning: The default of observed=False is deprecated and will be changed to True in a future version of pandas. Pass observed=False to retain current behavior or observed=True to adopt the future default and silence this warning.
  disp_grouped = df.groupby('mean_bin')['dispersions']
Building PCA-KNN graph for NeighborMix ...
Building 64 gene modules for the gene axis ...
Device=cuda:2 dataset=SRP182008 cells=13514 genes=1000 clusters=15
Method=DualAxisGated_scMAE stage=screen epochs=80 warmup=20
Epoch 001/80 loss=0.5915 scmae=0.4532 pseudo=0.4532 cluster=0.0000 cons=0.0465 r_mean=1.000 conf=0.000 scale=0.00
Epoch 010/80 loss=0.5806 scmae=0.4464 pseudo=0.4465 cluster=0.0000 cons=0.0046 r_mean=1.000 conf=0.000 scale=0.00
Epoch 020/80 loss=0.5801 scmae=0.4460 pseudo=0.4461 cluster=0.0000 cons=0.0062 r_mean=1.000 conf=0.000 scale=0.00
Epoch 030/80 loss=0.6233 scmae=0.4468 pseudo=0.4463 cluster=0.2379 cons=0.0191 r_mean=0.699 conf=0.981 scale=0.50
Epoch 040/80 loss=0.6839 scmae=0.4471 pseudo=0.4469 cluster=0.2892 cons=0.0308 r_mean=0.770 conf=0.996 scale=1.00
Epoch 050/80 loss=0.6794 scmae=0.4471 pseudo=0.4469 cluster=0.2759 cons=0.0336 r_mean=0.784 conf=0.999 scale=1.00
Epoch 060/80 loss=0.6760 scmae=0.4471 pseudo=0.4470 cluster=0.2659 cons=0.0349 r_mean=0.789 conf=0.999 scale=1.00
Epoch 070/80 loss=0.6755 scmae=0.4471 pseudo=0.4470 cluster=0.2643 cons=0.0351 r_mean=0.792 conf=0.999 scale=1.00
Epoch 080/80 loss=0.6690 scmae=0.4471 pseudo=0.4470 cluster=0.2459 cons=0.0350 r_mean=0.794 conf=1.000 scale=1.00
[RESULT] SRP182008 NMI=0.6261372190011768 ARI=0.44807888129598034 meets_baseline=False collapse=False r_mean=0.794 core_frac=0.817
Completed DualAxisGated_scMAE. Results saved to: methods/DeepLearning/DualAxisGated_scMAE/runs/cellmlp/SRP182008/seed42
