/data/luolie/conda/envs/scssl_bench_py310/lib/python3.10/site-packages/louvain/__init__.py:54: UserWarning: pkg_resources is deprecated as an API. See https://setuptools.pypa.io/en/latest/pkg_resources.html. The pkg_resources package is slated for removal as early as 2025-11-30. Refrain from using this package or pin to Setuptools<81.
  from pkg_resources import get_distribution, DistributionNotFound
/data/luolie/conda/envs/scssl_bench_py310/lib/python3.10/site-packages/scanpy/preprocessing/_highly_variable_genes.py:220: FutureWarning: The default of observed=False is deprecated and will be changed to True in a future version of pandas. Pass observed=False to retain current behavior or observed=True to adopt the future default and silence this warning.
  disp_grouped = df.groupby('mean_bin')['dispersions']
/data/luolie/conda/envs/scssl_bench_py310/lib/python3.10/site-packages/scanpy/preprocessing/_highly_variable_genes.py:220: FutureWarning: The default of observed=False is deprecated and will be changed to True in a future version of pandas. Pass observed=False to retain current behavior or observed=True to adopt the future default and silence this warning.
  disp_grouped = df.groupby('mean_bin')['dispersions']
Building PCA-KNN graph for NeighborMix ...
Building 64 gene modules for the gene axis ...
Device=cuda:1 dataset=SRP182008 cells=13514 genes=1000 clusters=15
Method=DualAxisGated_scMAE stage=screen epochs=80 warmup=20
Epoch 001/80 loss=0.5899 scmae=0.4532 pseudo=0.4531 cluster=0.0000 cons=0.0169 r_mean=1.000 conf=0.000 scale=0.00
Epoch 010/80 loss=0.5806 scmae=0.4465 pseudo=0.4465 cluster=0.0000 cons=0.0038 r_mean=1.000 conf=0.000 scale=0.00
Epoch 020/80 loss=0.5803 scmae=0.4461 pseudo=0.4462 cluster=0.0000 cons=0.0056 r_mean=1.000 conf=0.000 scale=0.00
Epoch 030/80 loss=0.6232 scmae=0.4468 pseudo=0.4464 cluster=0.2373 cons=0.0185 r_mean=0.699 conf=0.975 scale=0.50
Epoch 040/80 loss=0.6840 scmae=0.4469 pseudo=0.4467 cluster=0.2900 cons=0.0308 r_mean=0.767 conf=0.995 scale=1.00
Epoch 050/80 loss=0.6811 scmae=0.4471 pseudo=0.4468 cluster=0.2805 cons=0.0345 r_mean=0.782 conf=0.998 scale=1.00
Epoch 060/80 loss=0.6733 scmae=0.4471 pseudo=0.4470 cluster=0.2583 cons=0.0344 r_mean=0.791 conf=0.999 scale=1.00
Epoch 070/80 loss=0.6684 scmae=0.4472 pseudo=0.4469 cluster=0.2443 cons=0.0325 r_mean=0.793 conf=0.999 scale=1.00
Epoch 080/80 loss=0.6693 scmae=0.4471 pseudo=0.4469 cluster=0.2468 cons=0.0354 r_mean=0.795 conf=0.999 scale=1.00
[RESULT] SRP182008 NMI=0.6144857516707739 ARI=0.4369294153723512 meets_baseline=False collapse=False r_mean=0.796 core_frac=0.818
Completed DualAxisGated_scMAE. Results saved to: methods/DeepLearning/DualAxisGated_scMAE/runs/fusion/SRP182008/seed42
