/data/luolie/conda/envs/scssl_bench_py310/lib/python3.10/site-packages/louvain/__init__.py:54: UserWarning: pkg_resources is deprecated as an API. See https://setuptools.pypa.io/en/latest/pkg_resources.html. The pkg_resources package is slated for removal as early as 2025-11-30. Refrain from using this package or pin to Setuptools<81.
  from pkg_resources import get_distribution, DistributionNotFound
/data/luolie/conda/envs/scssl_bench_py310/lib/python3.10/site-packages/scanpy/preprocessing/_highly_variable_genes.py:220: FutureWarning: The default of observed=False is deprecated and will be changed to True in a future version of pandas. Pass observed=False to retain current behavior or observed=True to adopt the future default and silence this warning.
  disp_grouped = df.groupby('mean_bin')['dispersions']
/data/luolie/conda/envs/scssl_bench_py310/lib/python3.10/site-packages/scanpy/preprocessing/_highly_variable_genes.py:220: FutureWarning: The default of observed=False is deprecated and will be changed to True in a future version of pandas. Pass observed=False to retain current behavior or observed=True to adopt the future default and silence this warning.
  disp_grouped = df.groupby('mean_bin')['dispersions']
Building PCA-KNN graph for NeighborMix ...
Building 64 gene modules for the gene axis ...
Device=cuda:3 dataset=SRP235541 cells=27798 genes=1000 clusters=18
Method=DualAxisGated_scMAE stage=screen epochs=80 warmup=20
Epoch 001/80 loss=0.5842 scmae=0.4491 pseudo=0.4490 cluster=0.0000 cons=0.0081 r_mean=1.000 conf=0.000 scale=0.00
Epoch 010/80 loss=0.5769 scmae=0.4435 pseudo=0.4436 cluster=0.0000 cons=0.0058 r_mean=1.000 conf=0.000 scale=0.00
Epoch 020/80 loss=0.5764 scmae=0.4431 pseudo=0.4432 cluster=0.0000 cons=0.0058 r_mean=1.000 conf=0.000 scale=0.00
Epoch 030/80 loss=0.6111 scmae=0.4444 pseudo=0.4439 cluster=0.1878 cons=0.0114 r_mean=0.735 conf=0.981 scale=0.50
Epoch 040/80 loss=0.6549 scmae=0.4447 pseudo=0.4444 cluster=0.2173 cons=0.0176 r_mean=0.816 conf=0.997 scale=1.00
Epoch 050/80 loss=0.6504 scmae=0.4447 pseudo=0.4445 cluster=0.2041 cons=0.0188 r_mean=0.826 conf=0.998 scale=1.00
Epoch 060/80 loss=0.6458 scmae=0.4447 pseudo=0.4445 cluster=0.1908 cons=0.0186 r_mean=0.830 conf=0.999 scale=1.00
Epoch 070/80 loss=0.6434 scmae=0.4448 pseudo=0.4445 cluster=0.1836 cons=0.0189 r_mean=0.832 conf=0.999 scale=1.00
Epoch 080/80 loss=0.6421 scmae=0.4448 pseudo=0.4445 cluster=0.1800 cons=0.0191 r_mean=0.837 conf=0.999 scale=1.00
[RESULT] SRP235541 NMI=0.6595098184353319 ARI=0.4223326382758365 meets_baseline=False collapse=False r_mean=0.837 core_frac=0.861
Completed DualAxisGated_scMAE. Results saved to: methods/DeepLearning/DualAxisGated_scMAE/runs/fusion/SRP235541/seed42
