/data/luolie/conda/envs/scssl_bench_py310/lib/python3.10/site-packages/louvain/__init__.py:54: UserWarning: pkg_resources is deprecated as an API. See https://setuptools.pypa.io/en/latest/pkg_resources.html. The pkg_resources package is slated for removal as early as 2025-11-30. Refrain from using this package or pin to Setuptools<81.
  from pkg_resources import get_distribution, DistributionNotFound
/data/luolie/conda/envs/scssl_bench_py310/lib/python3.10/site-packages/scanpy/preprocessing/_highly_variable_genes.py:220: FutureWarning: The default of observed=False is deprecated and will be changed to True in a future version of pandas. Pass observed=False to retain current behavior or observed=True to adopt the future default and silence this warning.
  disp_grouped = df.groupby('mean_bin')['dispersions']
/data/luolie/conda/envs/scssl_bench_py310/lib/python3.10/site-packages/scanpy/preprocessing/_highly_variable_genes.py:220: FutureWarning: The default of observed=False is deprecated and will be changed to True in a future version of pandas. Pass observed=False to retain current behavior or observed=True to adopt the future default and silence this warning.
  disp_grouped = df.groupby('mean_bin')['dispersions']
Building PCA-KNN graph for NeighborMix ...
Building 64 gene modules for the gene axis ...
Device=cuda:1 dataset=SRP182008 cells=13514 genes=1000 clusters=15
Method=DualAxisGated_scMAE stage=screen epochs=80 warmup=20
Epoch 001/80 loss=0.4540 scmae=0.4515 pseudo=0.0000 cluster=0.0000 cons=0.0510 r_mean=1.000 conf=0.000 scale=0.00
Epoch 010/80 loss=0.4467 scmae=0.4465 pseudo=0.0000 cluster=0.0000 cons=0.0046 r_mean=1.000 conf=0.000 scale=0.00
Epoch 020/80 loss=0.4465 scmae=0.4462 pseudo=0.0000 cluster=0.0000 cons=0.0047 r_mean=1.000 conf=0.000 scale=0.00
Epoch 030/80 loss=0.4867 scmae=0.4468 pseudo=0.0000 cluster=0.2232 cons=0.0166 r_mean=0.695 conf=0.976 scale=0.50
Epoch 040/80 loss=0.5440 scmae=0.4471 pseudo=0.0000 cluster=0.2728 cons=0.0270 r_mean=0.756 conf=0.994 scale=1.00
Epoch 050/80 loss=0.5375 scmae=0.4472 pseudo=0.0000 cluster=0.2538 cons=0.0288 r_mean=0.772 conf=0.997 scale=1.00
Epoch 060/80 loss=0.5358 scmae=0.4472 pseudo=0.0000 cluster=0.2488 cons=0.0300 r_mean=0.781 conf=0.998 scale=1.00
Epoch 070/80 loss=0.5313 scmae=0.4473 pseudo=0.0000 cluster=0.2357 cons=0.0309 r_mean=0.784 conf=0.998 scale=1.00
Epoch 080/80 loss=0.5254 scmae=0.4472 pseudo=0.0000 cluster=0.2193 cons=0.0295 r_mean=0.786 conf=0.998 scale=1.00
[RESULT] SRP182008 NMI=0.6151747792159881 ARI=0.42902046184602 meets_baseline=False collapse=False r_mean=0.787 core_frac=0.810
Completed DualAxisGated_scMAE. Results saved to: methods/DeepLearning/DualAxisGated_scMAE/runs/marker/SRP182008_base/seed42
