/data/luolie/conda/envs/scssl_bench_py310/lib/python3.10/site-packages/louvain/__init__.py:54: UserWarning: pkg_resources is deprecated as an API. See https://setuptools.pypa.io/en/latest/pkg_resources.html. The pkg_resources package is slated for removal as early as 2025-11-30. Refrain from using this package or pin to Setuptools<81.
  from pkg_resources import get_distribution, DistributionNotFound
/data/luolie/conda/envs/scssl_bench_py310/lib/python3.10/site-packages/scanpy/preprocessing/_highly_variable_genes.py:220: FutureWarning: The default of observed=False is deprecated and will be changed to True in a future version of pandas. Pass observed=False to retain current behavior or observed=True to adopt the future default and silence this warning.
  disp_grouped = df.groupby('mean_bin')['dispersions']
/data/luolie/conda/envs/scssl_bench_py310/lib/python3.10/site-packages/scanpy/preprocessing/_highly_variable_genes.py:220: FutureWarning: The default of observed=False is deprecated and will be changed to True in a future version of pandas. Pass observed=False to retain current behavior or observed=True to adopt the future default and silence this warning.
  disp_grouped = df.groupby('mean_bin')['dispersions']
Building PCA-KNN graph for NeighborMix ...
Device=cuda:0 dataset=Melanoma_5K cells=4513 genes=1000 clusters=9
Method=GatedNeighborMix_scMAE stage=screen epochs=80 warmup=20
Epoch 001/80 loss=0.3068 scmae=0.3068 pseudo=0.0000 cluster=0.0000 r_mean=1.000 core=0.000 scale=0.00
Epoch 010/80 loss=0.0902 scmae=0.0902 pseudo=0.0000 cluster=0.0000 r_mean=1.000 core=0.000 scale=0.00
Epoch 020/80 loss=0.0867 scmae=0.0867 pseudo=0.0000 cluster=0.0000 r_mean=1.000 core=0.000 scale=0.00
Epoch 030/80 loss=0.0851 scmae=0.0851 pseudo=0.0000 cluster=0.7898 r_mean=0.598 core=0.934 scale=0.50
Epoch 040/80 loss=0.0845 scmae=0.0845 pseudo=0.0000 cluster=0.4870 r_mean=0.577 core=0.878 scale=1.00
Epoch 050/80 loss=0.0835 scmae=0.0835 pseudo=0.0000 cluster=0.2787 r_mean=0.566 core=0.712 scale=1.00
Epoch 060/80 loss=0.0834 scmae=0.0834 pseudo=0.0000 cluster=0.1958 r_mean=0.564 core=0.402 scale=1.00
Epoch 070/80 loss=0.0830 scmae=0.0830 pseudo=0.0000 cluster=0.1518 r_mean=0.554 core=0.228 scale=1.00
Epoch 080/80 loss=0.0826 scmae=0.0826 pseudo=0.0000 cluster=0.1213 r_mean=0.533 core=0.027 scale=1.00
[RESULT] Melanoma_5K NMI=0.6897177705121672 ARI=0.6280403267002411 meets_baseline=False collapse=False r_mean=0.528 core_frac=0.546
Completed GatedNeighborMix_scMAE. Results saved to: methods/DeepLearning/GatedNeighborMix_scMAE/runs/backbone_only/Melanoma_5K/seed42
