/data/luolie/conda/envs/scssl_bench_py310/lib/python3.10/site-packages/louvain/__init__.py:54: UserWarning: pkg_resources is deprecated as an API. See https://setuptools.pypa.io/en/latest/pkg_resources.html. The pkg_resources package is slated for removal as early as 2025-11-30. Refrain from using this package or pin to Setuptools<81.
  from pkg_resources import get_distribution, DistributionNotFound
/data/luolie/conda/envs/scssl_bench_py310/lib/python3.10/site-packages/anndata/_core/anndata.py:1906: UserWarning: Observation names are not unique. To make them unique, call `.obs_names_make_unique`.
  utils.warn_names_duplicates("obs")
/data/luolie/conda/envs/scssl_bench_py310/lib/python3.10/site-packages/anndata/_core/anndata.py:1906: UserWarning: Observation names are not unique. To make them unique, call `.obs_names_make_unique`.
  utils.warn_names_duplicates("obs")
/data/luolie/conda/envs/scssl_bench_py310/lib/python3.10/site-packages/scanpy/preprocessing/_highly_variable_genes.py:220: FutureWarning: The default of observed=False is deprecated and will be changed to True in a future version of pandas. Pass observed=False to retain current behavior or observed=True to adopt the future default and silence this warning.
  disp_grouped = df.groupby('mean_bin')['dispersions']
/data/luolie/conda/envs/scssl_bench_py310/lib/python3.10/site-packages/anndata/_core/anndata.py:1906: UserWarning: Observation names are not unique. To make them unique, call `.obs_names_make_unique`.
  utils.warn_names_duplicates("obs")
/data/luolie/conda/envs/scssl_bench_py310/lib/python3.10/site-packages/anndata/_core/anndata.py:1906: UserWarning: Observation names are not unique. To make them unique, call `.obs_names_make_unique`.
  utils.warn_names_duplicates("obs")
/data/luolie/conda/envs/scssl_bench_py310/lib/python3.10/site-packages/anndata/_core/anndata.py:1906: UserWarning: Observation names are not unique. To make them unique, call `.obs_names_make_unique`.
  utils.warn_names_duplicates("obs")
/data/luolie/conda/envs/scssl_bench_py310/lib/python3.10/site-packages/scanpy/preprocessing/_highly_variable_genes.py:220: FutureWarning: The default of observed=False is deprecated and will be changed to True in a future version of pandas. Pass observed=False to retain current behavior or observed=True to adopt the future default and silence this warning.
  disp_grouped = df.groupby('mean_bin')['dispersions']
/data/luolie/conda/envs/scssl_bench_py310/lib/python3.10/site-packages/anndata/_core/anndata.py:1906: UserWarning: Observation names are not unique. To make them unique, call `.obs_names_make_unique`.
  utils.warn_names_duplicates("obs")
Building PCA-KNN graph for NeighborMix ...
Device=cuda:0 dataset=Quake_10x_Spleen cells=9552 genes=1000 clusters=5
Method=GatedNeighborMix_scMAE stage=screen epochs=80 warmup=20
Epoch 001/80 loss=0.1833 scmae=0.1833 pseudo=0.0000 cluster=0.0000 r_mean=1.000 core=0.000 scale=0.00
Epoch 010/80 loss=0.0642 scmae=0.0642 pseudo=0.0000 cluster=0.0000 r_mean=1.000 core=0.000 scale=0.00
Epoch 020/80 loss=0.0630 scmae=0.0630 pseudo=0.0000 cluster=0.0000 r_mean=1.000 core=0.000 scale=0.00
Epoch 030/80 loss=0.0623 scmae=0.0623 pseudo=0.0000 cluster=0.4113 r_mean=0.458 core=0.940 scale=0.50
Epoch 040/80 loss=0.0620 scmae=0.0620 pseudo=0.0000 cluster=0.2066 r_mean=0.427 core=0.911 scale=1.00
Epoch 050/80 loss=0.0619 scmae=0.0619 pseudo=0.0000 cluster=0.0889 r_mean=0.423 core=0.608 scale=1.00
Epoch 060/80 loss=0.0614 scmae=0.0614 pseudo=0.0000 cluster=0.0524 r_mean=0.413 core=0.175 scale=1.00
Epoch 070/80 loss=0.0611 scmae=0.0611 pseudo=0.0000 cluster=0.0355 r_mean=0.403 core=0.022 scale=1.00
Epoch 080/80 loss=0.0610 scmae=0.0610 pseudo=0.0000 cluster=0.0000 r_mean=0.405 core=0.000 scale=1.00
[RESULT] Quake_10x_Spleen NMI=0.6350979273714766 ARI=0.48003066766249464 meets_baseline=False collapse=False r_mean=0.396 core_frac=0.276
Completed GatedNeighborMix_scMAE. Results saved to: methods/DeepLearning/GatedNeighborMix_scMAE/runs/backbone_only/Quake_10x_Spleen/seed42
