/data/luolie/conda/envs/scssl_bench_py310/lib/python3.10/site-packages/louvain/__init__.py:54: UserWarning: pkg_resources is deprecated as an API. See https://setuptools.pypa.io/en/latest/pkg_resources.html. The pkg_resources package is slated for removal as early as 2025-11-30. Refrain from using this package or pin to Setuptools<81.
  from pkg_resources import get_distribution, DistributionNotFound
/data/luolie/conda/envs/scssl_bench_py310/lib/python3.10/site-packages/anndata/_core/anndata.py:1906: UserWarning: Observation names are not unique. To make them unique, call `.obs_names_make_unique`.
  utils.warn_names_duplicates("obs")
/data/luolie/conda/envs/scssl_bench_py310/lib/python3.10/site-packages/anndata/_core/anndata.py:1906: UserWarning: Observation names are not unique. To make them unique, call `.obs_names_make_unique`.
  utils.warn_names_duplicates("obs")
/data/luolie/conda/envs/scssl_bench_py310/lib/python3.10/site-packages/scanpy/preprocessing/_highly_variable_genes.py:220: FutureWarning: The default of observed=False is deprecated and will be changed to True in a future version of pandas. Pass observed=False to retain current behavior or observed=True to adopt the future default and silence this warning.
  disp_grouped = df.groupby('mean_bin')['dispersions']
/data/luolie/conda/envs/scssl_bench_py310/lib/python3.10/site-packages/anndata/_core/anndata.py:1906: UserWarning: Observation names are not unique. To make them unique, call `.obs_names_make_unique`.
  utils.warn_names_duplicates("obs")
/data/luolie/conda/envs/scssl_bench_py310/lib/python3.10/site-packages/anndata/_core/anndata.py:1906: UserWarning: Observation names are not unique. To make them unique, call `.obs_names_make_unique`.
  utils.warn_names_duplicates("obs")
/data/luolie/conda/envs/scssl_bench_py310/lib/python3.10/site-packages/anndata/_core/anndata.py:1906: UserWarning: Observation names are not unique. To make them unique, call `.obs_names_make_unique`.
  utils.warn_names_duplicates("obs")
/data/luolie/conda/envs/scssl_bench_py310/lib/python3.10/site-packages/scanpy/preprocessing/_highly_variable_genes.py:220: FutureWarning: The default of observed=False is deprecated and will be changed to True in a future version of pandas. Pass observed=False to retain current behavior or observed=True to adopt the future default and silence this warning.
  disp_grouped = df.groupby('mean_bin')['dispersions']
/data/luolie/conda/envs/scssl_bench_py310/lib/python3.10/site-packages/anndata/_core/anndata.py:1906: UserWarning: Observation names are not unique. To make them unique, call `.obs_names_make_unique`.
  utils.warn_names_duplicates("obs")
Device=cuda:5 dataset=Quake_10x_Spleen cells=9552 clusters=5 decoder_mode=lowrank mask_rank=16 varw=0.02
Epoch 001/80 loss=0.4659 base=0.4659 sharp=0.0000 var=0.4943 gate=1.000
Epoch 010/80 loss=0.4437 base=0.4437 sharp=0.0000 var=0.0012 gate=1.000
Epoch 020/80 loss=0.4434 base=0.4434 sharp=0.0000 var=0.0010 gate=1.000
Epoch 030/80 loss=0.4477 base=0.4477 sharp=0.0244 var=0.0057 gate=1.000
Epoch 040/80 loss=0.4502 base=0.4502 sharp=0.0192 var=0.0006 gate=1.000
Epoch 050/80 loss=0.4499 base=0.4499 sharp=0.0184 var=0.0007 gate=1.000
Epoch 060/80 loss=0.4495 base=0.4495 sharp=0.0174 var=0.0001 gate=1.000
Epoch 070/80 loss=0.4493 base=0.4493 sharp=0.0168 var=0.0003 gate=1.000
Epoch 080/80 loss=0.4485 base=0.4485 sharp=0.0144 var=0.0002 gate=1.000
[RESULT] Quake_10x_Spleen decoder_mode=lowrank ARI=0.9192868620224963 NMI=0.8260185219412152 aligned_eff_dim=1.1
