/data/luolie/conda/envs/scssl_bench_py310/lib/python3.10/site-packages/louvain/__init__.py:54: UserWarning: pkg_resources is deprecated as an API. See https://setuptools.pypa.io/en/latest/pkg_resources.html. The pkg_resources package is slated for removal as early as 2025-11-30. Refrain from using this package or pin to Setuptools<81.
  from pkg_resources import get_distribution, DistributionNotFound
/data/luolie/conda/envs/scssl_bench_py310/lib/python3.10/site-packages/anndata/_core/anndata.py:1906: UserWarning: Observation names are not unique. To make them unique, call `.obs_names_make_unique`.
  utils.warn_names_duplicates("obs")
/data/luolie/conda/envs/scssl_bench_py310/lib/python3.10/site-packages/anndata/_core/anndata.py:1906: UserWarning: Observation names are not unique. To make them unique, call `.obs_names_make_unique`.
  utils.warn_names_duplicates("obs")
/data/luolie/conda/envs/scssl_bench_py310/lib/python3.10/site-packages/scanpy/preprocessing/_highly_variable_genes.py:220: FutureWarning: The default of observed=False is deprecated and will be changed to True in a future version of pandas. Pass observed=False to retain current behavior or observed=True to adopt the future default and silence this warning.
  disp_grouped = df.groupby('mean_bin')['dispersions']
/data/luolie/conda/envs/scssl_bench_py310/lib/python3.10/site-packages/anndata/_core/anndata.py:1906: UserWarning: Observation names are not unique. To make them unique, call `.obs_names_make_unique`.
  utils.warn_names_duplicates("obs")
/data/luolie/conda/envs/scssl_bench_py310/lib/python3.10/site-packages/anndata/_core/anndata.py:1906: UserWarning: Observation names are not unique. To make them unique, call `.obs_names_make_unique`.
  utils.warn_names_duplicates("obs")
/data/luolie/conda/envs/scssl_bench_py310/lib/python3.10/site-packages/anndata/_core/anndata.py:1906: UserWarning: Observation names are not unique. To make them unique, call `.obs_names_make_unique`.
  utils.warn_names_duplicates("obs")
/data/luolie/conda/envs/scssl_bench_py310/lib/python3.10/site-packages/scanpy/preprocessing/_highly_variable_genes.py:220: FutureWarning: The default of observed=False is deprecated and will be changed to True in a future version of pandas. Pass observed=False to retain current behavior or observed=True to adopt the future default and silence this warning.
  disp_grouped = df.groupby('mean_bin')['dispersions']
/data/luolie/conda/envs/scssl_bench_py310/lib/python3.10/site-packages/anndata/_core/anndata.py:1906: UserWarning: Observation names are not unique. To make them unique, call `.obs_names_make_unique`.
  utils.warn_names_duplicates("obs")
Device=cuda:1 dataset=Quake_10x_Spleen cells=9552 clusters=5 decoder_mode=none mask_rank=16 varw=0.02
Epoch 001/80 loss=0.4670 base=0.4670 sharp=0.0000 var=0.5065 gate=1.000
Epoch 010/80 loss=0.4437 base=0.4437 sharp=0.0000 var=0.0025 gate=1.000
Epoch 020/80 loss=0.4435 base=0.4435 sharp=0.0000 var=0.0014 gate=1.000
Epoch 030/80 loss=0.4472 base=0.4472 sharp=0.0214 var=0.0021 gate=1.000
Epoch 040/80 loss=0.4500 base=0.4500 sharp=0.0186 var=0.0011 gate=1.000
Epoch 050/80 loss=0.4486 base=0.4486 sharp=0.0149 var=0.0003 gate=1.000
Epoch 060/80 loss=0.4485 base=0.4485 sharp=0.0148 var=0.0002 gate=1.000
Epoch 070/80 loss=0.4481 base=0.4481 sharp=0.0131 var=0.0011 gate=1.000
Epoch 080/80 loss=0.4480 base=0.4480 sharp=0.0128 var=0.0012 gate=1.000
[RESULT] Quake_10x_Spleen decoder_mode=none ARI=0.9210538809424553 NMI=0.834458651539994 aligned_eff_dim=1.1
