/data/luolie/conda/envs/scssl_bench_py310/lib/python3.10/site-packages/louvain/__init__.py:54: UserWarning: pkg_resources is deprecated as an API. See https://setuptools.pypa.io/en/latest/pkg_resources.html. The pkg_resources package is slated for removal as early as 2025-11-30. Refrain from using this package or pin to Setuptools<81.
  from pkg_resources import get_distribution, DistributionNotFound
/data/luolie/conda/envs/scssl_bench_py310/lib/python3.10/site-packages/anndata/_core/anndata.py:1906: UserWarning: Observation names are not unique. To make them unique, call `.obs_names_make_unique`.
  utils.warn_names_duplicates("obs")
/data/luolie/conda/envs/scssl_bench_py310/lib/python3.10/site-packages/anndata/_core/anndata.py:1906: UserWarning: Observation names are not unique. To make them unique, call `.obs_names_make_unique`.
  utils.warn_names_duplicates("obs")
/data/luolie/conda/envs/scssl_bench_py310/lib/python3.10/site-packages/scanpy/preprocessing/_highly_variable_genes.py:220: FutureWarning: The default of observed=False is deprecated and will be changed to True in a future version of pandas. Pass observed=False to retain current behavior or observed=True to adopt the future default and silence this warning.
  disp_grouped = df.groupby('mean_bin')['dispersions']
/data/luolie/conda/envs/scssl_bench_py310/lib/python3.10/site-packages/anndata/_core/anndata.py:1906: UserWarning: Observation names are not unique. To make them unique, call `.obs_names_make_unique`.
  utils.warn_names_duplicates("obs")
/data/luolie/conda/envs/scssl_bench_py310/lib/python3.10/site-packages/anndata/_core/anndata.py:1906: UserWarning: Observation names are not unique. To make them unique, call `.obs_names_make_unique`.
  utils.warn_names_duplicates("obs")
/data/luolie/conda/envs/scssl_bench_py310/lib/python3.10/site-packages/anndata/_core/anndata.py:1906: UserWarning: Observation names are not unique. To make them unique, call `.obs_names_make_unique`.
  utils.warn_names_duplicates("obs")
/data/luolie/conda/envs/scssl_bench_py310/lib/python3.10/site-packages/scanpy/preprocessing/_highly_variable_genes.py:220: FutureWarning: The default of observed=False is deprecated and will be changed to True in a future version of pandas. Pass observed=False to retain current behavior or observed=True to adopt the future default and silence this warning.
  disp_grouped = df.groupby('mean_bin')['dispersions']
/data/luolie/conda/envs/scssl_bench_py310/lib/python3.10/site-packages/anndata/_core/anndata.py:1906: UserWarning: Observation names are not unique. To make them unique, call `.obs_names_make_unique`.
  utils.warn_names_duplicates("obs")
Device=cuda:6 dataset=Quake_10x_Spleen cells=9552 clusters=5 decoder_mode=none mask_rank=16 varw=0.02
Epoch 001/80 loss=0.4673 base=0.4673 sharp=0.0000 var=0.5227 gate=1.000
Epoch 010/80 loss=0.4437 base=0.4437 sharp=0.0000 var=0.0009 gate=1.000
Epoch 020/80 loss=0.4435 base=0.4435 sharp=0.0000 var=0.0017 gate=1.000
Epoch 030/80 loss=0.4472 base=0.4472 sharp=0.0208 var=0.0029 gate=1.000
Epoch 040/80 loss=0.4507 base=0.4507 sharp=0.0205 var=0.0016 gate=1.000
Epoch 050/80 loss=0.4494 base=0.4494 sharp=0.0170 var=0.0009 gate=1.000
Epoch 060/80 loss=0.4500 base=0.4500 sharp=0.0187 var=0.0004 gate=1.000
Epoch 070/80 loss=0.4486 base=0.4486 sharp=0.0147 var=0.0014 gate=1.000
Epoch 080/80 loss=0.4485 base=0.4485 sharp=0.0147 var=0.0002 gate=1.000
[RESULT] Quake_10x_Spleen decoder_mode=none ARI=0.9200096093129827 NMI=0.8322708232963559 aligned_eff_dim=1.1
