/data/luolie/conda/envs/scssl_bench_py310/lib/python3.10/site-packages/louvain/__init__.py:54: UserWarning: pkg_resources is deprecated as an API. See https://setuptools.pypa.io/en/latest/pkg_resources.html. The pkg_resources package is slated for removal as early as 2025-11-30. Refrain from using this package or pin to Setuptools<81.
  from pkg_resources import get_distribution, DistributionNotFound
/data/luolie/conda/envs/scssl_bench_py310/lib/python3.10/site-packages/scanpy/preprocessing/_highly_variable_genes.py:220: FutureWarning: The default of observed=False is deprecated and will be changed to True in a future version of pandas. Pass observed=False to retain current behavior or observed=True to adopt the future default and silence this warning.
  disp_grouped = df.groupby('mean_bin')['dispersions']
/data/luolie/conda/envs/scssl_bench_py310/lib/python3.10/site-packages/scanpy/preprocessing/_highly_variable_genes.py:220: FutureWarning: The default of observed=False is deprecated and will be changed to True in a future version of pandas. Pass observed=False to retain current behavior or observed=True to adopt the future default and silence this warning.
  disp_grouped = df.groupby('mean_bin')['dispersions']
Building PCA-KNN graph ...
Device=cuda:0 dataset=Macosko cells=44808 clusters=12 force_gate=1.0 kappa=0.15
Epoch 001/100 loss=0.4543 scmae=0.4484 sharp=0.0000 soft=0.0000 gate=1.000 kl_ref=0.0000 scale=0.00
Epoch 010/100 loss=0.4472 scmae=0.4467 sharp=0.0000 soft=0.0000 gate=1.000 kl_ref=0.0000 scale=0.00
Epoch 020/100 loss=0.4469 scmae=0.4466 sharp=0.0000 soft=0.0000 gate=1.000 kl_ref=0.0000 scale=0.00
Epoch 030/100 loss=0.4469 scmae=0.4465 sharp=0.0000 soft=0.0000 gate=1.000 kl_ref=0.0000 scale=0.00
Epoch 040/100 loss=0.4684 scmae=0.4468 sharp=0.1799 soft=-0.0204 gate=1.000 kl_ref=0.0835 scale=0.33
Epoch 050/100 loss=0.4883 scmae=0.4468 sharp=0.1752 soft=-0.0094 gate=1.000 kl_ref=0.0695 scale=0.67
Epoch 060/100 loss=0.5068 scmae=0.4469 sharp=0.1698 soft=-0.0027 gate=1.000 kl_ref=0.0634 scale=1.00
Epoch 070/100 loss=0.5083 scmae=0.4469 sharp=0.1739 soft=0.0038 gate=1.000 kl_ref=0.0618 scale=1.00
Epoch 080/100 loss=0.5139 scmae=0.4469 sharp=0.1895 soft=0.0150 gate=1.000 kl_ref=0.0636 scale=1.00
Epoch 090/100 loss=0.5200 scmae=0.4469 sharp=0.2069 soft=0.0254 gate=1.000 kl_ref=0.0701 scale=1.00
Epoch 100/100 loss=0.5274 scmae=0.4469 sharp=0.2277 soft=0.0413 gate=1.000 kl_ref=0.0751 scale=1.00
[RESULT] Macosko NMI=0.6334533113862323 ARI=0.6201483235501103 meets=True collapse=False gate=1.000 kl_ref=0.0751
