/data/luolie/conda/envs/scssl_bench_py310/lib/python3.10/site-packages/louvain/__init__.py:54: UserWarning: pkg_resources is deprecated as an API. See https://setuptools.pypa.io/en/latest/pkg_resources.html. The pkg_resources package is slated for removal as early as 2025-11-30. Refrain from using this package or pin to Setuptools<81.
  from pkg_resources import get_distribution, DistributionNotFound
/data/luolie/conda/envs/scssl_bench_py310/lib/python3.10/site-packages/scanpy/preprocessing/_highly_variable_genes.py:220: FutureWarning: The default of observed=False is deprecated and will be changed to True in a future version of pandas. Pass observed=False to retain current behavior or observed=True to adopt the future default and silence this warning.
  disp_grouped = df.groupby('mean_bin')['dispersions']
/data/luolie/conda/envs/scssl_bench_py310/lib/python3.10/site-packages/scanpy/preprocessing/_highly_variable_genes.py:220: FutureWarning: The default of observed=False is deprecated and will be changed to True in a future version of pandas. Pass observed=False to retain current behavior or observed=True to adopt the future default and silence this warning.
  disp_grouped = df.groupby('mean_bin')['dispersions']
Building PCA-KNN graph ...
Device=cuda:0 dataset=Macosko cells=44808 clusters=12 force_gate=1.0 kappa=0.15
Epoch 001/100 loss=0.4546 scmae=0.4485 sharp=0.0000 soft=0.0000 gate=1.000 kl_ref=0.0000 scale=0.00
Epoch 010/100 loss=0.4473 scmae=0.4468 sharp=0.0000 soft=0.0000 gate=1.000 kl_ref=0.0000 scale=0.00
Epoch 020/100 loss=0.4470 scmae=0.4466 sharp=0.0000 soft=0.0000 gate=1.000 kl_ref=0.0000 scale=0.00
Epoch 030/100 loss=0.4469 scmae=0.4465 sharp=0.0000 soft=0.0000 gate=1.000 kl_ref=0.0000 scale=0.00
Epoch 040/100 loss=0.4468 scmae=0.4465 sharp=0.0000 soft=0.0000 gate=1.000 kl_ref=0.0000 scale=0.00
Epoch 050/100 loss=0.4689 scmae=0.4467 sharp=0.2439 soft=0.0532 gate=1.000 kl_ref=0.1199 scale=0.25
Epoch 060/100 loss=0.4938 scmae=0.4467 sharp=0.2646 soft=0.0908 gate=1.000 kl_ref=0.1013 scale=0.50
Epoch 070/100 loss=0.5150 scmae=0.4467 sharp=0.2574 soft=0.0969 gate=1.000 kl_ref=0.0916 scale=0.75
Epoch 080/100 loss=0.5378 scmae=0.4468 sharp=0.2581 soft=0.1034 gate=1.000 kl_ref=0.0860 scale=1.00
Epoch 090/100 loss=0.5357 scmae=0.4468 sharp=0.2520 soft=0.1014 gate=1.000 kl_ref=0.0805 scale=1.00
Epoch 100/100 loss=0.5376 scmae=0.4468 sharp=0.2573 soft=0.1065 gate=1.000 kl_ref=0.0772 scale=1.00
[RESULT] Macosko NMI=0.6361019801105856 ARI=0.46808908314654313 meets=False collapse=False gate=1.000 kl_ref=0.0772
