/data/luolie/conda/envs/scssl_bench_py310/lib/python3.10/site-packages/louvain/__init__.py:54: UserWarning: pkg_resources is deprecated as an API. See https://setuptools.pypa.io/en/latest/pkg_resources.html. The pkg_resources package is slated for removal as early as 2025-11-30. Refrain from using this package or pin to Setuptools<81.
  from pkg_resources import get_distribution, DistributionNotFound
/data/luolie/conda/envs/scssl_bench_py310/lib/python3.10/site-packages/scanpy/preprocessing/_highly_variable_genes.py:220: FutureWarning: The default of observed=False is deprecated and will be changed to True in a future version of pandas. Pass observed=False to retain current behavior or observed=True to adopt the future default and silence this warning.
  disp_grouped = df.groupby('mean_bin')['dispersions']
/data/luolie/conda/envs/scssl_bench_py310/lib/python3.10/site-packages/scanpy/preprocessing/_highly_variable_genes.py:220: FutureWarning: The default of observed=False is deprecated and will be changed to True in a future version of pandas. Pass observed=False to retain current behavior or observed=True to adopt the future default and silence this warning.
  disp_grouped = df.groupby('mean_bin')['dispersions']
Building PCA-KNN graph for NeighborMix ...
Device=cuda:0 dataset=Melanoma_5K cells=4513 genes=1000 clusters=9
Method=GatedNeighborMix_scMAE stage=screen epochs=80 warmup=20
Epoch 001/80 loss=0.4217 scmae=0.3075 pseudo=0.3804 cluster=0.0000 r_mean=1.000 core=0.000 scale=0.00
Epoch 010/80 loss=0.1921 scmae=0.0978 pseudo=0.3144 cluster=0.0000 r_mean=1.000 core=0.000 scale=0.00
Epoch 020/80 loss=0.1829 scmae=0.0930 pseudo=0.2999 cluster=0.0000 r_mean=1.000 core=0.000 scale=0.00
Epoch 030/80 loss=0.3072 scmae=0.0971 pseudo=0.3068 cluster=0.6749 r_mean=0.653 core=0.943 scale=0.50
Epoch 040/80 loss=0.4349 scmae=0.0995 pseudo=0.3218 cluster=0.6823 r_mean=0.785 core=0.949 scale=1.00
Epoch 050/80 loss=0.4243 scmae=0.1000 pseudo=0.3227 cluster=0.6500 r_mean=0.802 core=0.951 scale=1.00
Epoch 060/80 loss=0.4194 scmae=0.0999 pseudo=0.3268 cluster=0.6327 r_mean=0.816 core=0.951 scale=1.00
Epoch 070/80 loss=0.4173 scmae=0.1001 pseudo=0.3239 cluster=0.6287 r_mean=0.821 core=0.950 scale=1.00
Epoch 080/80 loss=0.4245 scmae=0.1004 pseudo=0.3258 cluster=0.6468 r_mean=0.826 core=0.949 scale=1.00
[RESULT] Melanoma_5K NMI=0.7297457932888585 ARI=0.6616970845133616 meets_baseline=False collapse=False r_mean=0.826 core_frac=0.878
Completed GatedNeighborMix_scMAE. Results saved to: methods/DeepLearning/GatedNeighborMix_scMAE/runs/screen/Melanoma_5K/seed42
