Dispatching 42 run(s) across GPUs [1, 2, 3, 4, 5, 6].
[launch] GPU1 <- Macosko__swap_global__seed42
[launch] GPU2 <- Macosko__swap_global__seed43
[launch] GPU3 <- Macosko__swap_global__seed44
[launch] GPU4 <- Macosko__swap_lib__seed42
[launch] GPU5 <- Macosko__swap_lib__seed43
[launch] GPU6 <- Macosko__swap_lib__seed44
[done]   GPU2 -> Macosko__swap_global__seed43 OK
[done]   GPU6 -> Macosko__swap_lib__seed44 OK
[launch] GPU2 <- Macosko__swap_ndet__seed42
[launch] GPU6 <- Macosko__swap_ndet__seed43
[done]   GPU3 -> Macosko__swap_global__seed44 OK
[launch] GPU3 <- Macosko__swap_ndet__seed44
[done]   GPU1 -> Macosko__swap_global__seed42 OK
[launch] GPU1 <- Macosko__swap_zerolib__seed42
[done]   GPU4 -> Macosko__swap_lib__seed42 OK
[launch] GPU4 <- Macosko__swap_zerolib__seed43
[done]   GPU5 -> Macosko__swap_lib__seed43 OK
[launch] GPU5 <- Macosko__swap_zerolib__seed44
[done]   GPU2 -> Macosko__swap_ndet__seed42 OK
[launch] GPU2 <- Melanoma_5K__zero__seed42
[done]   GPU6 -> Macosko__swap_ndet__seed43 OK
[launch] GPU6 <- Melanoma_5K__zero__seed43
[done]   GPU3 -> Macosko__swap_ndet__seed44 OK
[done]   GPU1 -> Macosko__swap_zerolib__seed42 OK
[done]   GPU2 -> Melanoma_5K__zero__seed42 OK
[launch] GPU3 <- Melanoma_5K__zero__seed44
[launch] GPU1 <- Melanoma_5K__swap_global__seed42
[launch] GPU2 <- Melanoma_5K__swap_global__seed43
[done]   GPU4 -> Macosko__swap_zerolib__seed43 OK
[launch] GPU4 <- Melanoma_5K__swap_global__seed44
[done]   GPU6 -> Melanoma_5K__zero__seed43 OK
[launch] GPU6 <- Melanoma_5K__swap_lib__seed42
[done]   GPU3 -> Melanoma_5K__zero__seed44 OK
[launch] GPU3 <- Melanoma_5K__swap_lib__seed43
[done]   GPU1 -> Melanoma_5K__swap_global__seed42 OK
[done]   GPU2 -> Melanoma_5K__swap_global__seed43 OK
[launch] GPU1 <- Melanoma_5K__swap_lib__seed44
[launch] GPU2 <- Melanoma_5K__swap_ndet__seed42
[done]   GPU4 -> Melanoma_5K__swap_global__seed44 OK
[launch] GPU4 <- Melanoma_5K__swap_ndet__seed43
[done]   GPU6 -> Melanoma_5K__swap_lib__seed42 OK
[launch] GPU6 <- Melanoma_5K__swap_ndet__seed44
[done]   GPU5 -> Macosko__swap_zerolib__seed44 OK
[done]   GPU3 -> Melanoma_5K__swap_lib__seed43 OK
[launch] GPU5 <- Melanoma_5K__swap_zerolib__seed42
[launch] GPU3 <- Melanoma_5K__swap_zerolib__seed43
[done]   GPU1 -> Melanoma_5K__swap_lib__seed44 OK
[done]   GPU2 -> Melanoma_5K__swap_ndet__seed42 OK
[launch] GPU1 <- Melanoma_5K__swap_zerolib__seed44
[launch] GPU2 <- Quake_10x_Spleen__zero__seed42
[done]   GPU4 -> Melanoma_5K__swap_ndet__seed43 OK
[launch] GPU4 <- Quake_10x_Spleen__zero__seed43
[done]   GPU6 -> Melanoma_5K__swap_ndet__seed44 OK
[launch] GPU6 <- Quake_10x_Spleen__zero__seed44
[done]   GPU3 -> Melanoma_5K__swap_zerolib__seed43 OK
[done]   GPU1 -> Melanoma_5K__swap_zerolib__seed44 OK
[launch] GPU3 <- Quake_10x_Spleen__swap_global__seed42
[launch] GPU1 <- Quake_10x_Spleen__swap_global__seed43
[done]   GPU5 -> Melanoma_5K__swap_zerolib__seed42 OK
[launch] GPU5 <- Quake_10x_Spleen__swap_global__seed44
[done]   GPU2 -> Quake_10x_Spleen__zero__seed42 OK
[launch] GPU2 <- Quake_10x_Spleen__swap_lib__seed42
[done]   GPU4 -> Quake_10x_Spleen__zero__seed43 OK
[launch] GPU4 <- Quake_10x_Spleen__swap_lib__seed43
[done]   GPU6 -> Quake_10x_Spleen__zero__seed44 OK
[launch] GPU6 <- Quake_10x_Spleen__swap_lib__seed44
[done]   GPU1 -> Quake_10x_Spleen__swap_global__seed43 OK
[launch] GPU1 <- Quake_10x_Spleen__swap_ndet__seed42
[done]   GPU3 -> Quake_10x_Spleen__swap_global__seed42 OK
[done]   GPU5 -> Quake_10x_Spleen__swap_global__seed44 OK
[launch] GPU3 <- Quake_10x_Spleen__swap_ndet__seed43
[launch] GPU5 <- Quake_10x_Spleen__swap_ndet__seed44
[done]   GPU2 -> Quake_10x_Spleen__swap_lib__seed42 OK
[launch] GPU2 <- Quake_10x_Spleen__swap_zerolib__seed42
[done]   GPU4 -> Quake_10x_Spleen__swap_lib__seed43 OK
[launch] GPU4 <- Quake_10x_Spleen__swap_zerolib__seed43
[done]   GPU6 -> Quake_10x_Spleen__swap_lib__seed44 OK
[launch] GPU6 <- Quake_10x_Spleen__swap_zerolib__seed44
[done]   GPU1 -> Quake_10x_Spleen__swap_ndet__seed42 OK
[done]   GPU3 -> Quake_10x_Spleen__swap_ndet__seed43 OK
[done]   GPU5 -> Quake_10x_Spleen__swap_ndet__seed44 OK
[done]   GPU2 -> Quake_10x_Spleen__swap_zerolib__seed42 OK
[done]   GPU4 -> Quake_10x_Spleen__swap_zerolib__seed43 OK
[done]   GPU6 -> Quake_10x_Spleen__swap_zerolib__seed44 OK
ALL DISPATCHED RUNS FINISHED
