Dispatching 37 Phase-1b run(s) across GPUs [1, 2, 3, 4, 5, 6].
[launch] GPU1 <- lowrank_mr4_seed42
[launch] GPU2 <- lowrank_mr4_seed43
[launch] GPU3 <- lowrank_mr4_seed44
[launch] GPU4 <- lowrank_mr4_seed45
[launch] GPU5 <- lowrank_mr4_seed46
[launch] GPU6 <- lowrank_mr4_seed47
[done] GPU1 -> lowrank_mr4_seed42 OK
[launch] GPU1 <- lowrank_mr4_seed48
[done] GPU2 -> lowrank_mr4_seed43 OK
[launch] GPU2 <- lowrank_mr4_seed49
[done] GPU3 -> lowrank_mr4_seed44 OK
[done] GPU5 -> lowrank_mr4_seed46 OK
[launch] GPU3 <- lowrank_mr8_seed42
[launch] GPU5 <- lowrank_mr8_seed43
[done] GPU4 -> lowrank_mr4_seed45 OK
[launch] GPU4 <- lowrank_mr8_seed44
[done] GPU6 -> lowrank_mr4_seed47 OK
[launch] GPU6 <- lowrank_mr8_seed45
[done] GPU1 -> lowrank_mr4_seed48 OK
[done] GPU2 -> lowrank_mr4_seed49 OK
[launch] GPU1 <- lowrank_mr8_seed46
[launch] GPU2 <- lowrank_mr8_seed47
[done] GPU3 -> lowrank_mr8_seed42 OK
[launch] GPU3 <- lowrank_mr8_seed48
[done] GPU5 -> lowrank_mr8_seed43 OK
[launch] GPU5 <- lowrank_mr8_seed49
[done] GPU4 -> lowrank_mr8_seed44 OK
[done] GPU6 -> lowrank_mr8_seed45 OK
[launch] GPU4 <- lowrank_mr16_seed42
[launch] GPU6 <- lowrank_mr16_seed43
[done] GPU1 -> lowrank_mr8_seed46 OK
[launch] GPU1 <- lowrank_mr16_seed44
[done] GPU2 -> lowrank_mr8_seed47 OK
[launch] GPU2 <- lowrank_mr16_seed45
[done] GPU3 -> lowrank_mr8_seed48 OK
[launch] GPU3 <- lowrank_mr16_seed46
[done] GPU5 -> lowrank_mr8_seed49 OK
[done] GPU4 -> lowrank_mr16_seed42 OK
[launch] GPU5 <- lowrank_mr16_seed47
[launch] GPU4 <- lowrank_mr16_seed48
[done] GPU6 -> lowrank_mr16_seed43 OK
[launch] GPU6 <- lowrank_mr16_seed49
[done] GPU1 -> lowrank_mr16_seed44 OK
[done] GPU2 -> lowrank_mr16_seed45 OK
[launch] GPU1 <- lowrank_mr32_seed42
[launch] GPU2 <- lowrank_mr32_seed43
[done] GPU3 -> lowrank_mr16_seed46 OK
[launch] GPU3 <- lowrank_mr32_seed44
[done] GPU4 -> lowrank_mr16_seed48 OK
[launch] GPU4 <- lowrank_mr32_seed45
[done] GPU5 -> lowrank_mr16_seed47 OK
[done] GPU6 -> lowrank_mr16_seed49 OK
[launch] GPU5 <- lowrank_mr32_seed46
[launch] GPU6 <- lowrank_mr32_seed47
[done] GPU3 -> lowrank_mr32_seed44 OK
[launch] GPU3 <- lowrank_mr32_seed48
[done] GPU1 -> lowrank_mr32_seed42 OK
[done] GPU2 -> lowrank_mr32_seed43 OK
[launch] GPU1 <- lowrank_mr32_seed49
[launch] GPU2 <- none_seed45
[done] GPU4 -> lowrank_mr32_seed45 OK
[launch] GPU4 <- none_seed46
[done] GPU5 -> lowrank_mr32_seed46 OK
[launch] GPU5 <- none_seed47
[done] GPU6 -> lowrank_mr32_seed47 OK
[launch] GPU6 <- none_seed48
[done] GPU3 -> lowrank_mr32_seed48 OK
[launch] GPU3 <- none_seed49
[done] GPU1 -> lowrank_mr32_seed49 OK
[done] GPU2 -> none_seed45 OK
[done] GPU4 -> none_seed46 OK
[done] GPU5 -> none_seed47 OK
[done] GPU6 -> none_seed48 OK
[done] GPU3 -> none_seed49 OK
PHASE1B DONE
