Dispatching 27 run(s) across GPUs [1, 2, 3, 4, 5, 6].
[launch] GPU1 <- Macosko__concat__seed42
[launch] GPU2 <- Macosko__concat__seed43
[launch] GPU3 <- Macosko__concat__seed44
[launch] GPU4 <- Macosko__none__seed42
[launch] GPU5 <- Macosko__none__seed43
[launch] GPU6 <- Macosko__none__seed44
[done]   GPU2 -> Macosko__concat__seed43 OK
[done]   GPU3 -> Macosko__concat__seed44 OK
[done]   GPU4 -> Macosko__none__seed42 OK
[done]   GPU6 -> Macosko__none__seed44 OK
[launch] GPU2 <- Macosko__lowrank__seed42
[launch] GPU3 <- Macosko__lowrank__seed43
[launch] GPU4 <- Macosko__lowrank__seed44
[launch] GPU6 <- Melanoma_5K__concat__seed42
[done]   GPU1 -> Macosko__concat__seed42 OK
[launch] GPU1 <- Melanoma_5K__concat__seed43
[done]   GPU5 -> Macosko__none__seed43 OK
[launch] GPU5 <- Melanoma_5K__concat__seed44
[done]   GPU6 -> Melanoma_5K__concat__seed42 OK
[launch] GPU6 <- Melanoma_5K__none__seed42
[done]   GPU1 -> Melanoma_5K__concat__seed43 OK
[launch] GPU1 <- Melanoma_5K__none__seed43
[done]   GPU5 -> Melanoma_5K__concat__seed44 OK
[launch] GPU5 <- Melanoma_5K__none__seed44
[done]   GPU6 -> Melanoma_5K__none__seed42 OK
[launch] GPU6 <- Melanoma_5K__lowrank__seed42
[done]   GPU1 -> Melanoma_5K__none__seed43 OK
[launch] GPU1 <- Melanoma_5K__lowrank__seed43
[done]   GPU5 -> Melanoma_5K__none__seed44 OK
[launch] GPU5 <- Melanoma_5K__lowrank__seed44
[done]   GPU6 -> Melanoma_5K__lowrank__seed42 OK
[launch] GPU6 <- Quake_10x_Spleen__concat__seed42
[done]   GPU1 -> Melanoma_5K__lowrank__seed43 OK
[launch] GPU1 <- Quake_10x_Spleen__concat__seed43
[done]   GPU5 -> Melanoma_5K__lowrank__seed44 OK
[launch] GPU5 <- Quake_10x_Spleen__concat__seed44
[done]   GPU6 -> Quake_10x_Spleen__concat__seed42 OK
[launch] GPU6 <- Quake_10x_Spleen__none__seed42
[done]   GPU1 -> Quake_10x_Spleen__concat__seed43 OK
[launch] GPU1 <- Quake_10x_Spleen__none__seed43
[done]   GPU5 -> Quake_10x_Spleen__concat__seed44 OK
[launch] GPU5 <- Quake_10x_Spleen__none__seed44
[done]   GPU6 -> Quake_10x_Spleen__none__seed42 OK
[launch] GPU6 <- Quake_10x_Spleen__lowrank__seed42
[done]   GPU1 -> Quake_10x_Spleen__none__seed43 OK
[launch] GPU1 <- Quake_10x_Spleen__lowrank__seed43
[done]   GPU5 -> Quake_10x_Spleen__none__seed44 OK
[launch] GPU5 <- Quake_10x_Spleen__lowrank__seed44
[done]   GPU3 -> Macosko__lowrank__seed43 OK
[done]   GPU4 -> Macosko__lowrank__seed44 OK
[done]   GPU2 -> Macosko__lowrank__seed42 OK
[done]   GPU6 -> Quake_10x_Spleen__lowrank__seed42 OK
[done]   GPU1 -> Quake_10x_Spleen__lowrank__seed43 OK
[done]   GPU5 -> Quake_10x_Spleen__lowrank__seed44 OK
ALL DISPATCHED RUNS FINISHED
