Command: /data/luolie/conda/envs/scssl_bench_py310/bin/python /home/luolie/biopipeline/dimension-reduction/plantnet/methods/DeepLearning/scNAME/run.py --data_path /data/luolie/biopipeline/scCluBench/data/CRA007122.h5ad --save_dir /home/luolie/biopipeline/dimension-reduction/plantnet/experiment_reports/desc_scname_fix_benchmark_20260628/run_artifacts/CRA007122/scname__seed2024 --n_clusters 7 --seed 2024 --epochs 80 --pretrain_epochs 80 --gpu 5
Exit code: 0

=== STDOUT ===
Loading data...
是否归一化: True, 是否 log1p 变换: True, 是否标准化: False
数据未标准化，进行 scale 处理
Data ready (normalized, log-transformed, scaled, HVG-selected).
scNAME count_like source: layers_norm_log
Number of cells: 25121, Number of genes: 2000
Number of clusters: 7
Initializing scNAME model...
Pretraining...
begin the pretraining
epoch: 0/80, iteration: 196, Current likelihood loss: 0.1049787, Current mask loss: 0.0544637
epoch: 10/80, iteration: 196, Current likelihood loss: 0.08731403, Current mask loss: 0.0479273
epoch: 20/80, iteration: 196, Current likelihood loss: 0.08270748, Current mask loss: 0.04621882
epoch: 30/80, iteration: 196, Current likelihood loss: 0.07937956, Current mask loss: 0.04777552
epoch: 40/80, iteration: 196, Current likelihood loss: 0.07710066, Current mask loss: 0.045529
epoch: 50/80, iteration: 196, Current likelihood loss: 0.07524624, Current mask loss: 0.04594564
epoch: 60/80, iteration: 196, Current likelihood loss: 0.07382084, Current mask loss: 0.04511711
epoch: 70/80, iteration: 196, Current likelihood loss: 0.07265496, Current mask loss: 0.04517812
Fine-tuning...
kmean_ARI: 0.13966
begin the funetraining
epoch: 1/80, iteration: 196, Current likelihood loss: 0.08892853, Current mask loss: 0.0474703, Current neighbor loss: 7.5552006, Current kmeans loss: 126.74305, Current total loss: 13.566225
current clustering ARI: 0.16992
epoch: 11/80, iteration: 196, Current likelihood loss: 0.09450494, Current mask loss: 0.04607664, Current neighbor loss: 7.5173235, Current kmeans loss: 15.219179, Current total loss: 2.414232
current clustering ARI: 0.16653
epoch: 21/80, iteration: 196, Current likelihood loss: 0.09554036, Current mask loss: 0.04620174, Current neighbor loss: 7.5171947, Current kmeans loss: 7.5968513, Current total loss: 1.6531467
current clustering ARI: 0.16644
epoch: 31/80, iteration: 196, Current likelihood loss: 0.09634926, Current mask loss: 0.04491274, Current neighbor loss: 7.5223336, Current kmeans loss: 5.11662, Current total loss: 1.4051573
current clustering ARI: 0.16616
epoch: 41/80, iteration: 196, Current likelihood loss: 0.09656604, Current mask loss: 0.04438496, Current neighbor loss: 7.5285406, Current kmeans loss: 3.7996306, Current total loss: 1.2737681
current clustering ARI: 0.16652
current_error: 0.2198160901238008
epoch: 51/80, iteration: 196, Current likelihood loss: 0.09699201, Current mask loss: 0.04489256, Current neighbor loss: 7.5298405, Current kmeans loss: 3.8585236, Current total loss: 1.280721
current clustering ARI: 0.16626
epoch: 61/80, iteration: 196, Current likelihood loss: 0.09662647, Current mask loss: 0.04363576, Current neighbor loss: 7.529049, Current kmeans loss: 1.9288893, Current total loss: 1.0860561
current clustering ARI: 0.16633
epoch: 71/80, iteration: 196, Current likelihood loss: 0.09672619, Current mask loss: 0.04307119, Current neighbor loss: 7.533347, Current kmeans loss: 1.8517016, Current total loss: 1.0783023
current clustering ARI: 0.16658
Epoch 80: acc: 0.3961, nmi: 0.2499, ari: 0.1667, f1_macro: 0.3775, fmi: 0.3284, v_measure: 0.2499, homogeneity: 0.2434, completeness: 0.2567
Training completed.
Results saved to: /home/luolie/biopipeline/dimension-reduction/plantnet/experiment_reports/desc_scname_fix_benchmark_20260628/run_artifacts/CRA007122/scname__seed2024


=== STDERR ===
2026-06-28 01:30:34.119704: I tensorflow/core/util/port.cc:113] oneDNN custom operations are on. You may see slightly different numerical results due to floating-point round-off errors from different computation orders. To turn them off, set the environment variable `TF_ENABLE_ONEDNN_OPTS=0`.
2026-06-28 01:30:34.198330: E external/local_xla/xla/stream_executor/cuda/cuda_dnn.cc:9261] Unable to register cuDNN factory: Attempting to register factory for plugin cuDNN when one has already been registered
2026-06-28 01:30:34.198597: E external/local_xla/xla/stream_executor/cuda/cuda_fft.cc:607] Unable to register cuFFT factory: Attempting to register factory for plugin cuFFT when one has already been registered
2026-06-28 01:30:34.201159: E external/local_xla/xla/stream_executor/cuda/cuda_blas.cc:1515] Unable to register cuBLAS factory: Attempting to register factory for plugin cuBLAS when one has already been registered
2026-06-28 01:30:34.213498: I tensorflow/core/platform/cpu_feature_guard.cc:182] This TensorFlow binary is optimized to use available CPU instructions in performance-critical operations.
To enable the following instructions: AVX2 AVX512F AVX512_VNNI AVX512_BF16 AVX_VNNI AMX_TILE AMX_INT8 AMX_BF16 FMA, in other operations, rebuild TensorFlow with the appropriate compiler flags.
2026-06-28 01:30:35.681952: W tensorflow/compiler/tf2tensorrt/utils/py_utils.cc:38] TF-TRT Warning: Could not find TensorRT
WARNING:tensorflow:From /data/luolie/conda/envs/scssl_bench_py310/lib/python3.10/site-packages/tensorflow/python/compat/v2_compat.py:108: disable_resource_variables (from tensorflow.python.ops.variable_scope) is deprecated and will be removed in a future version.
Instructions for updating:
non-resource variables are not supported in the long term
/data/luolie/conda/envs/scssl_bench_py310/lib/python3.10/site-packages/louvain/__init__.py:54: UserWarning: pkg_resources is deprecated as an API. See https://setuptools.pypa.io/en/latest/pkg_resources.html. The pkg_resources package is slated for removal as early as 2025-11-30. Refrain from using this package or pin to Setuptools<81.
  from pkg_resources import get_distribution, DistributionNotFound
/data/luolie/conda/envs/scssl_bench_py310/lib/python3.10/site-packages/scanpy/preprocessing/_highly_variable_genes.py:220: FutureWarning: The default of observed=False is deprecated and will be changed to True in a future version of pandas. Pass observed=False to retain current behavior or observed=True to adopt the future default and silence this warning.
  disp_grouped = df.groupby('mean_bin')['dispersions']
2026-06-28 01:34:19.985214: E external/local_xla/xla/stream_executor/cuda/cuda_driver.cc:274] failed call to cuInit: CUDA_ERROR_NO_DEVICE: no CUDA-capable device is detected
2026-06-28 01:34:20.043244: I tensorflow/compiler/mlir/mlir_graph_optimization_pass.cc:388] MLIR V1 optimization pass is not enabled

