Using GPU device: 3
/data/luolie/conda/base/lib/python3.13/site-packages/lightning/fabric/__init__.py:40: pkg_resources is deprecated as an API. See https://setuptools.pypa.io/en/latest/pkg_resources.html. The pkg_resources package is slated for removal as early as 2025-11-30. Refrain from using this package or pin to Setuptools<81.
/data/luolie/conda/base/lib/python3.13/site-packages/transformers/utils/hub.py:124: FutureWarning: Using `TRANSFORMERS_CACHE` is deprecated and will be removed in v5 of Transformers. Use `HF_HOME` instead.
  warnings.warn(
/data/luolie/conda/base/lib/python3.13/site-packages/anndata/__init__.py:70: FutureWarning: Importing read_csv from `anndata` is deprecated. Import anndata.io.read_csv instead.
  return module_get_attr_redirect(attr_name, deprecated_mapping=_DEPRECATED)
/data/luolie/conda/base/lib/python3.13/site-packages/anndata/__init__.py:70: FutureWarning: Importing read_loom from `anndata` is deprecated. Import anndata.io.read_loom instead.
  return module_get_attr_redirect(attr_name, deprecated_mapping=_DEPRECATED)
/data/luolie/conda/base/lib/python3.13/site-packages/anndata/__init__.py:70: FutureWarning: Importing read_text from `anndata` is deprecated. Import anndata.io.read_text instead.
  return module_get_attr_redirect(attr_name, deprecated_mapping=_DEPRECATED)
/data/luolie/conda/base/lib/python3.13/site-packages/anndata/experimental/__init__.py:48: FutureWarning: Importing CSCDataset from `anndata.experimental` is deprecated. Import anndata.abc.CSCDataset instead.
  return module_get_attr_redirect(
/data/luolie/conda/base/lib/python3.13/site-packages/anndata/experimental/__init__.py:48: FutureWarning: Importing CSRDataset from `anndata.experimental` is deprecated. Import anndata.abc.CSRDataset instead.
  return module_get_attr_redirect(
/data/luolie/conda/base/lib/python3.13/site-packages/anndata/experimental/__init__.py:48: FutureWarning: Importing read_elem from `anndata.experimental` is deprecated. Import anndata.io.read_elem instead.
  return module_get_attr_redirect(

Results will be saved to: benchmarks/unified_protocol/runs/SRP182008/scVI/SRP182008_hvg2000_scVI_20260523_151429

============================================================
Step 1: Loading and Preprocessing Data
============================================================
Loading data...
Dataset: SRP182008_hvg2000
Number of cells: 13514
Number of genes: 2000
Number of cell types: 15
Target clusters: 15

============================================================
Step 2: Filtering Genes and Cells
============================================================
After filtering: 13514 cells, 2000 genes

============================================================
Step 3: Setting up scvi-tools
============================================================
/data/luolie/conda/base/lib/python3.13/site-packages/anndata/__init__.py:70: FutureWarning: Importing read_csv from `anndata` is deprecated. Import anndata.io.read_csv instead.
  return module_get_attr_redirect(attr_name, deprecated_mapping=_DEPRECATED)
/data/luolie/conda/base/lib/python3.13/site-packages/anndata/__init__.py:70: FutureWarning: Importing read_loom from `anndata` is deprecated. Import anndata.io.read_loom instead.
  return module_get_attr_redirect(attr_name, deprecated_mapping=_DEPRECATED)
/data/luolie/conda/base/lib/python3.13/site-packages/anndata/__init__.py:70: FutureWarning: Importing read_text from `anndata` is deprecated. Import anndata.io.read_text instead.
  return module_get_attr_redirect(attr_name, deprecated_mapping=_DEPRECATED)
/data/luolie/conda/base/lib/python3.13/site-packages/anndata/experimental/__init__.py:48: FutureWarning: Importing CSCDataset from `anndata.experimental` is deprecated. Import anndata.abc.CSCDataset instead.
  return module_get_attr_redirect(
/data/luolie/conda/base/lib/python3.13/site-packages/anndata/experimental/__init__.py:48: FutureWarning: Importing CSRDataset from `anndata.experimental` is deprecated. Import anndata.abc.CSRDataset instead.
  return module_get_attr_redirect(
/data/luolie/conda/base/lib/python3.13/site-packages/anndata/experimental/__init__.py:48: FutureWarning: Importing read_elem from `anndata.experimental` is deprecated. Import anndata.io.read_elem instead.
  return module_get_attr_redirect(
Traceback (most recent call last):
  File "/home/luolie/biopipeline/dimension-reduction/plantnet/methods/DeepLearning/scVI/run.py", line 434, in <module>
    main()
    ~~~~^^
  File "/home/luolie/biopipeline/dimension-reduction/plantnet/methods/DeepLearning/scVI/run.py", line 263, in main
    import scvi
  File "/data/luolie/conda/base/lib/python3.13/site-packages/scvi/__init__.py", line 11, in <module>
    from . import data, model, external, utils
  File "/data/luolie/conda/base/lib/python3.13/site-packages/scvi/data/__init__.py", line 3, in <module>
    from ._anntorchdataset import AnnTorchDataset
  File "/data/luolie/conda/base/lib/python3.13/site-packages/scvi/data/_anntorchdataset.py", line 27, in <module>
    from ._utils import registry_key_to_default_dtype, scipy_to_torch_sparse
  File "/data/luolie/conda/base/lib/python3.13/site-packages/scvi/data/_utils.py", line 29, in <module>
    from mudata import MuData
  File "/data/luolie/conda/base/lib/python3.13/site-packages/mudata/__init__.py", line 3, in <module>
    from ._core.mudata import MuData
  File "/data/luolie/conda/base/lib/python3.13/site-packages/mudata/_core/mudata.py", line 21, in <module>
    from anndata._core.aligned_mapping import (
    ...<5 lines>...
    )
ImportError: cannot import name 'AlignedViewMixin' from 'anndata._core.aligned_mapping' (/data/luolie/conda/base/lib/python3.13/site-packages/anndata/_core/aligned_mapping.py)
