/data/luolie/conda/envs/scssl_bench_py310/lib/python3.10/site-packages/louvain/__init__.py:54: UserWarning: pkg_resources is deprecated as an API. See https://setuptools.pypa.io/en/latest/pkg_resources.html. The pkg_resources package is slated for removal as early as 2025-11-30. Refrain from using this package or pin to Setuptools<81.
  from pkg_resources import get_distribution, DistributionNotFound
/data/luolie/conda/envs/scssl_bench_py310/lib/python3.10/site-packages/anndata/_core/anndata.py:1906: UserWarning: Observation names are not unique. To make them unique, call `.obs_names_make_unique`.
  utils.warn_names_duplicates("obs")
/data/luolie/conda/envs/scssl_bench_py310/lib/python3.10/site-packages/anndata/_core/anndata.py:1906: UserWarning: Observation names are not unique. To make them unique, call `.obs_names_make_unique`.
  utils.warn_names_duplicates("obs")
/data/luolie/conda/envs/scssl_bench_py310/lib/python3.10/site-packages/scanpy/preprocessing/_highly_variable_genes.py:220: FutureWarning: The default of observed=False is deprecated and will be changed to True in a future version of pandas. Pass observed=False to retain current behavior or observed=True to adopt the future default and silence this warning.
  disp_grouped = df.groupby('mean_bin')['dispersions']
/data/luolie/conda/envs/scssl_bench_py310/lib/python3.10/site-packages/anndata/_core/anndata.py:1906: UserWarning: Observation names are not unique. To make them unique, call `.obs_names_make_unique`.
  utils.warn_names_duplicates("obs")
/data/luolie/conda/envs/scssl_bench_py310/lib/python3.10/site-packages/anndata/_core/anndata.py:1906: UserWarning: Observation names are not unique. To make them unique, call `.obs_names_make_unique`.
  utils.warn_names_duplicates("obs")
/data/luolie/conda/envs/scssl_bench_py310/lib/python3.10/site-packages/anndata/_core/anndata.py:1906: UserWarning: Observation names are not unique. To make them unique, call `.obs_names_make_unique`.
  utils.warn_names_duplicates("obs")
/data/luolie/conda/envs/scssl_bench_py310/lib/python3.10/site-packages/scanpy/preprocessing/_highly_variable_genes.py:220: FutureWarning: The default of observed=False is deprecated and will be changed to True in a future version of pandas. Pass observed=False to retain current behavior or observed=True to adopt the future default and silence this warning.
  disp_grouped = df.groupby('mean_bin')['dispersions']
/data/luolie/conda/envs/scssl_bench_py310/lib/python3.10/site-packages/anndata/_core/anndata.py:1906: UserWarning: Observation names are not unique. To make them unique, call `.obs_names_make_unique`.
  utils.warn_names_duplicates("obs")
Building PCA-KNN graph + SVD anchor ...
Device=cuda:0 dataset=Quake_10x_Spleen cells=9552 genes=1000 clusters=5 anchor=0 adaptive=True
Epoch 001/80 loss=0.4523 scmae=0.4493 cluster=0.0000 cons=0.0609 c_mean=1.000 activeKL=0.000 scale=0.00
Epoch 010/80 loss=0.4429 scmae=0.4428 cluster=0.0000 cons=0.0019 c_mean=1.000 activeKL=0.000 scale=0.00
Epoch 020/80 loss=0.4427 scmae=0.4426 cluster=0.0000 cons=0.0021 c_mean=1.000 activeKL=0.000 scale=0.00
Epoch 030/80 loss=0.4455 scmae=0.4430 cluster=0.0138 cons=0.0021 c_mean=0.834 activeKL=1.000 scale=0.50
Epoch 040/80 loss=0.4481 scmae=0.4432 cluster=0.0137 cons=0.0019 c_mean=0.860 activeKL=0.997 scale=1.00
Epoch 050/80 loss=0.4477 scmae=0.4432 cluster=0.0126 cons=0.0018 c_mean=0.884 activeKL=0.994 scale=1.00
Epoch 060/80 loss=0.4479 scmae=0.4433 cluster=0.0128 cons=0.0022 c_mean=0.899 activeKL=0.987 scale=1.00
Epoch 070/80 loss=0.4475 scmae=0.4433 cluster=0.0118 cons=0.0019 c_mean=0.899 activeKL=0.984 scale=1.00
Epoch 080/80 loss=0.4470 scmae=0.4432 cluster=0.0105 cons=0.0013 c_mean=0.904 activeKL=0.982 scale=1.00
[RESULT] Quake_10x_Spleen NMI=0.8287448937490743 ARI=0.8974252477721474 meets=False collapse=False c_mean=0.906 core=0.936
