Command: /data/luolie/conda/envs/scssl_bench_py310/bin/python /home/luolie/biopipeline/dimension-reduction/plantnet/methods/DeepLearning/scNAME/run.py --data_path /data/luolie/biopipeline/scCluBench/data/CRA007122.h5ad --save_dir /home/luolie/biopipeline/dimension-reduction/plantnet/experiment_reports/desc_scname_fix_benchmark_20260628/run_artifacts/CRA007122/scname__seed3407 --n_clusters 7 --seed 3407 --epochs 80 --pretrain_epochs 80 --gpu 6
Exit code: 0

=== STDOUT ===
Loading data...
是否归一化: True, 是否 log1p 变换: True, 是否标准化: False
数据未标准化，进行 scale 处理
Data ready (normalized, log-transformed, scaled, HVG-selected).
scNAME count_like source: layers_norm_log
Number of cells: 25121, Number of genes: 2000
Number of clusters: 7
Initializing scNAME model...
Pretraining...
begin the pretraining
epoch: 0/80, iteration: 196, Current likelihood loss: 0.1106509, Current mask loss: 0.05653756
epoch: 10/80, iteration: 196, Current likelihood loss: 0.09092931, Current mask loss: 0.05217852
epoch: 20/80, iteration: 196, Current likelihood loss: 0.08630787, Current mask loss: 0.05058475
epoch: 30/80, iteration: 196, Current likelihood loss: 0.08301574, Current mask loss: 0.05120693
epoch: 40/80, iteration: 196, Current likelihood loss: 0.08052481, Current mask loss: 0.05003066
epoch: 50/80, iteration: 196, Current likelihood loss: 0.07871354, Current mask loss: 0.04952208
epoch: 60/80, iteration: 196, Current likelihood loss: 0.07719616, Current mask loss: 0.04937432
epoch: 70/80, iteration: 196, Current likelihood loss: 0.07589811, Current mask loss: 0.0492829
Fine-tuning...
kmean_ARI: 0.14491
begin the funetraining
epoch: 1/80, iteration: 196, Current likelihood loss: 0.09136753, Current mask loss: 0.04951183, Current neighbor loss: 7.537798, Current kmeans loss: 99.47353, Current total loss: 10.8420105
current clustering ARI: 0.12316
epoch: 11/80, iteration: 196, Current likelihood loss: 0.09840144, Current mask loss: 0.04901658, Current neighbor loss: 7.4937243, Current kmeans loss: 13.505317, Current total loss: 2.2473223
current clustering ARI: 0.11006
epoch: 21/80, iteration: 196, Current likelihood loss: 0.09943305, Current mask loss: 0.04961914, Current neighbor loss: 7.4909434, Current kmeans loss: 5.833974, Current total loss: 1.481544
current clustering ARI: 0.11005
epoch: 31/80, iteration: 196, Current likelihood loss: 0.10004984, Current mask loss: 0.04887239, Current neighbor loss: 7.4938827, Current kmeans loss: 3.0698352, Current total loss: 1.2052941
current clustering ARI: 0.11007
epoch: 41/80, iteration: 196, Current likelihood loss: 0.10039752, Current mask loss: 0.04763444, Current neighbor loss: 7.499576, Current kmeans loss: 1.9985117, Current total loss: 1.0978408
current clustering ARI: 0.11006
current_error: 0.1241192627682019
epoch: 51/80, iteration: 196, Current likelihood loss: 0.10061551, Current mask loss: 0.0487059, Current neighbor loss: 7.5029984, Current kmeans loss: 1.3722714, Current total loss: 1.0368484
current clustering ARI: 0.11
epoch: 61/80, iteration: 196, Current likelihood loss: 0.10062614, Current mask loss: 0.04803406, Current neighbor loss: 7.505434, Current kmeans loss: 2.4706843, Current total loss: 1.1462721
current clustering ARI: 0.11
epoch: 71/80, iteration: 196, Current likelihood loss: 0.10071772, Current mask loss: 0.04669948, Current neighbor loss: 7.505969, Current kmeans loss: 1.4008356, Current total loss: 1.0380977
current clustering ARI: 0.10997
Epoch 80: acc: 0.3521, nmi: 0.2138, ari: 0.1099, f1_macro: 0.3934, fmi: 0.3105, v_measure: 0.2138, homogeneity: 0.1978, completeness: 0.2325
Training completed.
Results saved to: /home/luolie/biopipeline/dimension-reduction/plantnet/experiment_reports/desc_scname_fix_benchmark_20260628/run_artifacts/CRA007122/scname__seed3407


=== STDERR ===
2026-06-28 01:30:57.358185: I tensorflow/core/util/port.cc:113] oneDNN custom operations are on. You may see slightly different numerical results due to floating-point round-off errors from different computation orders. To turn them off, set the environment variable `TF_ENABLE_ONEDNN_OPTS=0`.
2026-06-28 01:30:57.429913: E external/local_xla/xla/stream_executor/cuda/cuda_dnn.cc:9261] Unable to register cuDNN factory: Attempting to register factory for plugin cuDNN when one has already been registered
2026-06-28 01:30:57.430017: E external/local_xla/xla/stream_executor/cuda/cuda_fft.cc:607] Unable to register cuFFT factory: Attempting to register factory for plugin cuFFT when one has already been registered
2026-06-28 01:30:57.432152: E external/local_xla/xla/stream_executor/cuda/cuda_blas.cc:1515] Unable to register cuBLAS factory: Attempting to register factory for plugin cuBLAS when one has already been registered
2026-06-28 01:30:57.444426: I tensorflow/core/platform/cpu_feature_guard.cc:182] This TensorFlow binary is optimized to use available CPU instructions in performance-critical operations.
To enable the following instructions: AVX2 AVX512F AVX512_VNNI AVX512_BF16 AVX_VNNI AMX_TILE AMX_INT8 AMX_BF16 FMA, in other operations, rebuild TensorFlow with the appropriate compiler flags.
2026-06-28 01:30:59.017900: W tensorflow/compiler/tf2tensorrt/utils/py_utils.cc:38] TF-TRT Warning: Could not find TensorRT
WARNING:tensorflow:From /data/luolie/conda/envs/scssl_bench_py310/lib/python3.10/site-packages/tensorflow/python/compat/v2_compat.py:108: disable_resource_variables (from tensorflow.python.ops.variable_scope) is deprecated and will be removed in a future version.
Instructions for updating:
non-resource variables are not supported in the long term
/data/luolie/conda/envs/scssl_bench_py310/lib/python3.10/site-packages/louvain/__init__.py:54: UserWarning: pkg_resources is deprecated as an API. See https://setuptools.pypa.io/en/latest/pkg_resources.html. The pkg_resources package is slated for removal as early as 2025-11-30. Refrain from using this package or pin to Setuptools<81.
  from pkg_resources import get_distribution, DistributionNotFound
/data/luolie/conda/envs/scssl_bench_py310/lib/python3.10/site-packages/scanpy/preprocessing/_highly_variable_genes.py:220: FutureWarning: The default of observed=False is deprecated and will be changed to True in a future version of pandas. Pass observed=False to retain current behavior or observed=True to adopt the future default and silence this warning.
  disp_grouped = df.groupby('mean_bin')['dispersions']
2026-06-28 01:34:48.191686: E external/local_xla/xla/stream_executor/cuda/cuda_driver.cc:274] failed call to cuInit: CUDA_ERROR_NO_DEVICE: no CUDA-capable device is detected
2026-06-28 01:34:48.320994: I tensorflow/compiler/mlir/mlir_graph_optimization_pass.cc:388] MLIR V1 optimization pass is not enabled

