/data/luolie/conda/envs/scssl_bench_py310/lib/python3.10/site-packages/louvain/__init__.py:54: UserWarning: pkg_resources is deprecated as an API. See https://setuptools.pypa.io/en/latest/pkg_resources.html. The pkg_resources package is slated for removal as early as 2025-11-30. Refrain from using this package or pin to Setuptools<81.
  from pkg_resources import get_distribution, DistributionNotFound
/data/luolie/conda/envs/scssl_bench_py310/lib/python3.10/site-packages/anndata/_core/anndata.py:1906: UserWarning: Observation names are not unique. To make them unique, call `.obs_names_make_unique`.
  utils.warn_names_duplicates("obs")
/data/luolie/conda/envs/scssl_bench_py310/lib/python3.10/site-packages/anndata/_core/anndata.py:1906: UserWarning: Observation names are not unique. To make them unique, call `.obs_names_make_unique`.
  utils.warn_names_duplicates("obs")
/data/luolie/conda/envs/scssl_bench_py310/lib/python3.10/site-packages/scanpy/preprocessing/_highly_variable_genes.py:220: FutureWarning: The default of observed=False is deprecated and will be changed to True in a future version of pandas. Pass observed=False to retain current behavior or observed=True to adopt the future default and silence this warning.
  disp_grouped = df.groupby('mean_bin')['dispersions']
/data/luolie/conda/envs/scssl_bench_py310/lib/python3.10/site-packages/anndata/_core/anndata.py:1906: UserWarning: Observation names are not unique. To make them unique, call `.obs_names_make_unique`.
  utils.warn_names_duplicates("obs")
/data/luolie/conda/envs/scssl_bench_py310/lib/python3.10/site-packages/anndata/_core/anndata.py:1906: UserWarning: Observation names are not unique. To make them unique, call `.obs_names_make_unique`.
  utils.warn_names_duplicates("obs")
/data/luolie/conda/envs/scssl_bench_py310/lib/python3.10/site-packages/anndata/_core/anndata.py:1906: UserWarning: Observation names are not unique. To make them unique, call `.obs_names_make_unique`.
  utils.warn_names_duplicates("obs")
/data/luolie/conda/envs/scssl_bench_py310/lib/python3.10/site-packages/scanpy/preprocessing/_highly_variable_genes.py:220: FutureWarning: The default of observed=False is deprecated and will be changed to True in a future version of pandas. Pass observed=False to retain current behavior or observed=True to adopt the future default and silence this warning.
  disp_grouped = df.groupby('mean_bin')['dispersions']
/data/luolie/conda/envs/scssl_bench_py310/lib/python3.10/site-packages/anndata/_core/anndata.py:1906: UserWarning: Observation names are not unique. To make them unique, call `.obs_names_make_unique`.
  utils.warn_names_duplicates("obs")
Building PCA-KNN graph + SVD anchor ...
Device=cuda:0 dataset=Quake_10x_Spleen cells=9552 genes=1000 clusters=5 anchor=64 adaptive=False
Epoch 001/80 loss=0.4504 scmae=0.4497 cluster=0.0000 cons=0.0130 c_mean=1.000 activeKL=0.000 scale=0.00
Epoch 010/80 loss=0.4423 scmae=0.4423 cluster=0.0000 cons=0.0002 c_mean=1.000 activeKL=0.000 scale=0.00
Epoch 020/80 loss=0.4422 scmae=0.4421 cluster=0.0000 cons=0.0001 c_mean=1.000 activeKL=0.000 scale=0.00
Epoch 030/80 loss=0.4483 scmae=0.4430 cluster=0.0302 cons=0.0003 c_mean=0.704 activeKL=1.000 scale=0.50
Epoch 040/80 loss=0.4560 scmae=0.4432 cluster=0.0363 cons=0.0008 c_mean=0.776 activeKL=1.000 scale=1.00
Epoch 050/80 loss=0.4540 scmae=0.4433 cluster=0.0306 cons=0.0009 c_mean=0.823 activeKL=1.000 scale=1.00
Epoch 060/80 loss=0.4525 scmae=0.4434 cluster=0.0258 cons=0.0006 c_mean=0.835 activeKL=1.000 scale=1.00
Epoch 070/80 loss=0.4515 scmae=0.4434 cluster=0.0230 cons=0.0006 c_mean=0.842 activeKL=1.000 scale=1.00
Epoch 080/80 loss=0.4510 scmae=0.4433 cluster=0.0218 cons=0.0008 c_mean=0.845 activeKL=1.000 scale=1.00
[RESULT] Quake_10x_Spleen NMI=0.604316946027486 ARI=0.4470657687507558 meets=False collapse=False c_mean=0.845 core=0.861
