/data/luolie/conda/envs/scssl_bench_py310/lib/python3.10/site-packages/louvain/__init__.py:54: UserWarning: pkg_resources is deprecated as an API. See https://setuptools.pypa.io/en/latest/pkg_resources.html. The pkg_resources package is slated for removal as early as 2025-11-30. Refrain from using this package or pin to Setuptools<81.
  from pkg_resources import get_distribution, DistributionNotFound
/data/luolie/conda/envs/scssl_bench_py310/lib/python3.10/site-packages/anndata/_core/anndata.py:1906: UserWarning: Observation names are not unique. To make them unique, call `.obs_names_make_unique`.
  utils.warn_names_duplicates("obs")
/data/luolie/conda/envs/scssl_bench_py310/lib/python3.10/site-packages/anndata/_core/anndata.py:1906: UserWarning: Observation names are not unique. To make them unique, call `.obs_names_make_unique`.
  utils.warn_names_duplicates("obs")
/data/luolie/conda/envs/scssl_bench_py310/lib/python3.10/site-packages/scanpy/preprocessing/_highly_variable_genes.py:220: FutureWarning: The default of observed=False is deprecated and will be changed to True in a future version of pandas. Pass observed=False to retain current behavior or observed=True to adopt the future default and silence this warning.
  disp_grouped = df.groupby('mean_bin')['dispersions']
/data/luolie/conda/envs/scssl_bench_py310/lib/python3.10/site-packages/anndata/_core/anndata.py:1906: UserWarning: Observation names are not unique. To make them unique, call `.obs_names_make_unique`.
  utils.warn_names_duplicates("obs")
Building PCA-KNN graph for NeighborMix ...
Device=cuda:0 dataset=Quake_10x_Spleen cells=9552 genes=1000 clusters=5
Method=GatedNeighborMix_scMAE stage=screen epochs=80 warmup=20
Epoch 001/80 loss=0.2956 scmae=0.1893 pseudo=0.3544 cluster=0.0000 r_mean=1.000 core=0.000 scale=0.00
Epoch 010/80 loss=0.1586 scmae=0.0783 pseudo=0.2676 cluster=0.0000 r_mean=1.000 core=0.000 scale=0.00
Epoch 020/80 loss=0.1540 scmae=0.0764 pseudo=0.2587 cluster=0.0000 r_mean=1.000 core=0.000 scale=0.00
Epoch 030/80 loss=0.2138 scmae=0.0793 pseudo=0.2467 cluster=0.3455 r_mean=0.495 core=0.995 scale=0.50
Epoch 040/80 loss=0.3109 scmae=0.0814 pseudo=0.2558 cluster=0.4366 r_mean=0.612 core=0.997 scale=1.00
Epoch 050/80 loss=0.3250 scmae=0.0811 pseudo=0.2559 cluster=0.4774 r_mean=0.665 core=0.999 scale=1.00
Epoch 060/80 loss=0.3207 scmae=0.0804 pseudo=0.2578 cluster=0.4656 r_mean=0.673 core=1.000 scale=1.00
Epoch 070/80 loss=0.3198 scmae=0.0810 pseudo=0.2557 cluster=0.4631 r_mean=0.665 core=0.999 scale=1.00
Epoch 080/80 loss=0.3300 scmae=0.0804 pseudo=0.2556 cluster=0.4940 r_mean=0.668 core=1.000 scale=1.00
[RESULT] Quake_10x_Spleen NMI=0.5931027140155326 ARI=0.4477161730777715 meets_baseline=False collapse=False r_mean=0.671 core_frac=0.761
Completed GatedNeighborMix_scMAE. Results saved to: methods/DeepLearning/GatedNeighborMix_scMAE/runs/screen_fixgate/Quake_10x_Spleen/seed42
