/data/luolie/conda/envs/scssl_bench_py310/lib/python3.10/site-packages/louvain/__init__.py:54: UserWarning: pkg_resources is deprecated as an API. See https://setuptools.pypa.io/en/latest/pkg_resources.html. The pkg_resources package is slated for removal as early as 2025-11-30. Refrain from using this package or pin to Setuptools<81.
  from pkg_resources import get_distribution, DistributionNotFound
/data/luolie/conda/envs/scssl_bench_py310/lib/python3.10/site-packages/scanpy/preprocessing/_highly_variable_genes.py:220: FutureWarning: The default of observed=False is deprecated and will be changed to True in a future version of pandas. Pass observed=False to retain current behavior or observed=True to adopt the future default and silence this warning.
  disp_grouped = df.groupby('mean_bin')['dispersions']
/data/luolie/conda/envs/scssl_bench_py310/lib/python3.10/site-packages/scanpy/preprocessing/_highly_variable_genes.py:220: FutureWarning: The default of observed=False is deprecated and will be changed to True in a future version of pandas. Pass observed=False to retain current behavior or observed=True to adopt the future default and silence this warning.
  disp_grouped = df.groupby('mean_bin')['dispersions']
Building PCA-KNN graph for NeighborMix ...
Device=cuda:0 dataset=Macosko cells=44808 genes=1000 clusters=12
Method=GatedNeighborMix_scMAE stage=screen epochs=80 warmup=20
Epoch 001/80 loss=0.1959 scmae=0.0984 pseudo=0.3250 cluster=0.0000 r_mean=1.000 core=0.000 scale=0.00
Epoch 010/80 loss=0.1471 scmae=0.0643 pseudo=0.2759 cluster=0.0000 r_mean=1.000 core=0.000 scale=0.00
Epoch 020/80 loss=0.1442 scmae=0.0626 pseudo=0.2720 cluster=0.0000 r_mean=1.000 core=0.000 scale=0.00
Epoch 030/80 loss=0.1364 scmae=0.0648 pseudo=0.2388 cluster=0.8410 r_mean=0.328 core=0.098 scale=0.50
Epoch 040/80 loss=0.1369 scmae=0.0643 pseudo=0.2418 cluster=0.0000 r_mean=0.417 core=0.000 scale=1.00
Epoch 050/80 loss=0.1378 scmae=0.0639 pseudo=0.2464 cluster=0.0000 r_mean=0.448 core=0.000 scale=1.00
Epoch 060/80 loss=0.1369 scmae=0.0638 pseudo=0.2436 cluster=0.0000 r_mean=0.344 core=0.000 scale=1.00
Epoch 070/80 loss=0.1372 scmae=0.0637 pseudo=0.2450 cluster=0.0000 r_mean=0.406 core=0.000 scale=1.00
Epoch 080/80 loss=0.1366 scmae=0.0638 pseudo=0.2428 cluster=0.0000 r_mean=0.347 core=0.000 scale=1.00
[RESULT] Macosko NMI=0.47343965747535 ARI=0.20642948708018005 meets_baseline=False collapse=False r_mean=0.245 core_frac=0.129
Completed GatedNeighborMix_scMAE. Results saved to: methods/DeepLearning/GatedNeighborMix_scMAE/runs/screen_cw0/Macosko/seed42
