/data/luolie/conda/envs/scssl_bench_py310/lib/python3.10/site-packages/louvain/__init__.py:54: UserWarning: pkg_resources is deprecated as an API. See https://setuptools.pypa.io/en/latest/pkg_resources.html. The pkg_resources package is slated for removal as early as 2025-11-30. Refrain from using this package or pin to Setuptools<81.
  from pkg_resources import get_distribution, DistributionNotFound
/data/luolie/conda/envs/scssl_bench_py310/lib/python3.10/site-packages/anndata/_core/anndata.py:1906: UserWarning: Observation names are not unique. To make them unique, call `.obs_names_make_unique`.
  utils.warn_names_duplicates("obs")
/data/luolie/conda/envs/scssl_bench_py310/lib/python3.10/site-packages/anndata/_core/anndata.py:1906: UserWarning: Observation names are not unique. To make them unique, call `.obs_names_make_unique`.
  utils.warn_names_duplicates("obs")
/data/luolie/conda/envs/scssl_bench_py310/lib/python3.10/site-packages/scanpy/preprocessing/_highly_variable_genes.py:220: FutureWarning: The default of observed=False is deprecated and will be changed to True in a future version of pandas. Pass observed=False to retain current behavior or observed=True to adopt the future default and silence this warning.
  disp_grouped = df.groupby('mean_bin')['dispersions']
/data/luolie/conda/envs/scssl_bench_py310/lib/python3.10/site-packages/anndata/_core/anndata.py:1906: UserWarning: Observation names are not unique. To make them unique, call `.obs_names_make_unique`.
  utils.warn_names_duplicates("obs")
/data/luolie/conda/envs/scssl_bench_py310/lib/python3.10/site-packages/anndata/_core/anndata.py:1906: UserWarning: Observation names are not unique. To make them unique, call `.obs_names_make_unique`.
  utils.warn_names_duplicates("obs")
/data/luolie/conda/envs/scssl_bench_py310/lib/python3.10/site-packages/anndata/_core/anndata.py:1906: UserWarning: Observation names are not unique. To make them unique, call `.obs_names_make_unique`.
  utils.warn_names_duplicates("obs")
/data/luolie/conda/envs/scssl_bench_py310/lib/python3.10/site-packages/scanpy/preprocessing/_highly_variable_genes.py:220: FutureWarning: The default of observed=False is deprecated and will be changed to True in a future version of pandas. Pass observed=False to retain current behavior or observed=True to adopt the future default and silence this warning.
  disp_grouped = df.groupby('mean_bin')['dispersions']
/data/luolie/conda/envs/scssl_bench_py310/lib/python3.10/site-packages/anndata/_core/anndata.py:1906: UserWarning: Observation names are not unique. To make them unique, call `.obs_names_make_unique`.
  utils.warn_names_duplicates("obs")
/data/luolie/conda/envs/scssl_bench_py310/lib/python3.10/site-packages/anndata/_core/anndata.py:1906: UserWarning: Observation names are not unique. To make them unique, call `.obs_names_make_unique`.
  utils.warn_names_duplicates("obs")
Device=cuda:3 dataset=Quake_10x_Spleen cells=9552 clusters=5 corruption=swap_global donor_pool_mean=9552.0 n_bins=1 mask_prob=0.4 varw=0.02 nuisance_src=adata.X
Epoch 001/80 loss=0.4701 scmae=0.4500 sharp=0.0000 var=0.7121 eff_change=0.034 gate=1.000
Epoch 010/80 loss=0.4442 scmae=0.4436 sharp=0.0000 var=0.0011 eff_change=0.034 gate=1.000
Epoch 020/80 loss=0.4438 scmae=0.4433 sharp=0.0000 var=0.0018 eff_change=0.034 gate=1.000
Epoch 030/80 loss=0.4499 scmae=0.4434 sharp=0.0347 var=0.0030 eff_change=0.034 gate=1.000
Epoch 040/80 loss=0.4554 scmae=0.4435 sharp=0.0329 var=0.0030 eff_change=0.034 gate=1.000
Epoch 050/80 loss=0.4548 scmae=0.4434 sharp=0.0315 var=0.0023 eff_change=0.034 gate=1.000
Epoch 060/80 loss=0.4549 scmae=0.4434 sharp=0.0314 var=0.0014 eff_change=0.034 gate=1.000
Epoch 070/80 loss=0.4520 scmae=0.4434 sharp=0.0236 var=0.0026 eff_change=0.034 gate=1.000
Epoch 080/80 loss=0.4520 scmae=0.4435 sharp=0.0233 var=0.0010 eff_change=0.034 gate=1.000
[RESULT] Quake_10x_Spleen corruption=swap_global ARI=0.9218653547791822 NMI=0.838234772711555 eff_change=0.034 donor_pool_mean=9552.0 aligned_eff_dim=1.1
