/data/luolie/conda/envs/scssl_bench_py310/lib/python3.10/site-packages/louvain/__init__.py:54: UserWarning: pkg_resources is deprecated as an API. See https://setuptools.pypa.io/en/latest/pkg_resources.html. The pkg_resources package is slated for removal as early as 2025-11-30. Refrain from using this package or pin to Setuptools<81.
  from pkg_resources import get_distribution, DistributionNotFound
/data/luolie/conda/envs/scssl_bench_py310/lib/python3.10/site-packages/anndata/_core/anndata.py:1906: UserWarning: Observation names are not unique. To make them unique, call `.obs_names_make_unique`.
  utils.warn_names_duplicates("obs")
/data/luolie/conda/envs/scssl_bench_py310/lib/python3.10/site-packages/anndata/_core/anndata.py:1906: UserWarning: Observation names are not unique. To make them unique, call `.obs_names_make_unique`.
  utils.warn_names_duplicates("obs")
/data/luolie/conda/envs/scssl_bench_py310/lib/python3.10/site-packages/scanpy/preprocessing/_highly_variable_genes.py:220: FutureWarning: The default of observed=False is deprecated and will be changed to True in a future version of pandas. Pass observed=False to retain current behavior or observed=True to adopt the future default and silence this warning.
  disp_grouped = df.groupby('mean_bin')['dispersions']
/data/luolie/conda/envs/scssl_bench_py310/lib/python3.10/site-packages/anndata/_core/anndata.py:1906: UserWarning: Observation names are not unique. To make them unique, call `.obs_names_make_unique`.
  utils.warn_names_duplicates("obs")
/data/luolie/conda/envs/scssl_bench_py310/lib/python3.10/site-packages/anndata/_core/anndata.py:1906: UserWarning: Observation names are not unique. To make them unique, call `.obs_names_make_unique`.
  utils.warn_names_duplicates("obs")
/data/luolie/conda/envs/scssl_bench_py310/lib/python3.10/site-packages/anndata/_core/anndata.py:1906: UserWarning: Observation names are not unique. To make them unique, call `.obs_names_make_unique`.
  utils.warn_names_duplicates("obs")
/data/luolie/conda/envs/scssl_bench_py310/lib/python3.10/site-packages/scanpy/preprocessing/_highly_variable_genes.py:220: FutureWarning: The default of observed=False is deprecated and will be changed to True in a future version of pandas. Pass observed=False to retain current behavior or observed=True to adopt the future default and silence this warning.
  disp_grouped = df.groupby('mean_bin')['dispersions']
/data/luolie/conda/envs/scssl_bench_py310/lib/python3.10/site-packages/anndata/_core/anndata.py:1906: UserWarning: Observation names are not unique. To make them unique, call `.obs_names_make_unique`.
  utils.warn_names_duplicates("obs")
/data/luolie/conda/envs/scssl_bench_py310/lib/python3.10/site-packages/anndata/_core/anndata.py:1906: UserWarning: Observation names are not unique. To make them unique, call `.obs_names_make_unique`.
  utils.warn_names_duplicates("obs")
Device=cuda:2 dataset=Quake_10x_Spleen cells=9552 clusters=5 corruption=swap_zerolib donor_pool_mean=382.1 n_bins=25 mask_prob=0.4 varw=0.02 nuisance_src=adata.X
Epoch 001/80 loss=0.4644 scmae=0.4498 sharp=0.0000 var=0.4802 eff_change=0.032 gate=1.000
Epoch 010/80 loss=0.4443 scmae=0.4436 sharp=0.0000 var=0.0014 eff_change=0.032 gate=1.000
Epoch 020/80 loss=0.4439 scmae=0.4434 sharp=0.0000 var=0.0023 eff_change=0.032 gate=1.000
Epoch 030/80 loss=0.4536 scmae=0.4435 sharp=0.0546 var=0.0032 eff_change=0.032 gate=1.000
Epoch 040/80 loss=0.4635 scmae=0.4436 sharp=0.0548 var=0.0032 eff_change=0.032 gate=1.000
Epoch 050/80 loss=0.4596 scmae=0.4435 sharp=0.0447 var=0.0019 eff_change=0.032 gate=1.000
Epoch 060/80 loss=0.4615 scmae=0.4435 sharp=0.0497 var=0.0014 eff_change=0.032 gate=1.000
Epoch 070/80 loss=0.4594 scmae=0.4435 sharp=0.0439 var=0.0027 eff_change=0.032 gate=1.000
Epoch 080/80 loss=0.4611 scmae=0.4436 sharp=0.0483 var=0.0031 eff_change=0.032 gate=1.000
[RESULT] Quake_10x_Spleen corruption=swap_zerolib ARI=0.9142585513790126 NMI=0.8062376767064495 eff_change=0.032 donor_pool_mean=382.1 aligned_eff_dim=1.1
