/data/luolie/conda/envs/scssl_bench_py310/lib/python3.10/site-packages/louvain/__init__.py:54: UserWarning: pkg_resources is deprecated as an API. See https://setuptools.pypa.io/en/latest/pkg_resources.html. The pkg_resources package is slated for removal as early as 2025-11-30. Refrain from using this package or pin to Setuptools<81.
  from pkg_resources import get_distribution, DistributionNotFound
/data/luolie/conda/envs/scssl_bench_py310/lib/python3.10/site-packages/anndata/_core/anndata.py:1906: UserWarning: Observation names are not unique. To make them unique, call `.obs_names_make_unique`.
  utils.warn_names_duplicates("obs")
/data/luolie/conda/envs/scssl_bench_py310/lib/python3.10/site-packages/anndata/_core/anndata.py:1906: UserWarning: Observation names are not unique. To make them unique, call `.obs_names_make_unique`.
  utils.warn_names_duplicates("obs")
/data/luolie/conda/envs/scssl_bench_py310/lib/python3.10/site-packages/scanpy/preprocessing/_highly_variable_genes.py:220: FutureWarning: The default of observed=False is deprecated and will be changed to True in a future version of pandas. Pass observed=False to retain current behavior or observed=True to adopt the future default and silence this warning.
  disp_grouped = df.groupby('mean_bin')['dispersions']
/data/luolie/conda/envs/scssl_bench_py310/lib/python3.10/site-packages/anndata/_core/anndata.py:1906: UserWarning: Observation names are not unique. To make them unique, call `.obs_names_make_unique`.
  utils.warn_names_duplicates("obs")
/data/luolie/conda/envs/scssl_bench_py310/lib/python3.10/site-packages/anndata/_core/anndata.py:1906: UserWarning: Observation names are not unique. To make them unique, call `.obs_names_make_unique`.
  utils.warn_names_duplicates("obs")
/data/luolie/conda/envs/scssl_bench_py310/lib/python3.10/site-packages/anndata/_core/anndata.py:1906: UserWarning: Observation names are not unique. To make them unique, call `.obs_names_make_unique`.
  utils.warn_names_duplicates("obs")
/data/luolie/conda/envs/scssl_bench_py310/lib/python3.10/site-packages/scanpy/preprocessing/_highly_variable_genes.py:220: FutureWarning: The default of observed=False is deprecated and will be changed to True in a future version of pandas. Pass observed=False to retain current behavior or observed=True to adopt the future default and silence this warning.
  disp_grouped = df.groupby('mean_bin')['dispersions']
/data/luolie/conda/envs/scssl_bench_py310/lib/python3.10/site-packages/anndata/_core/anndata.py:1906: UserWarning: Observation names are not unique. To make them unique, call `.obs_names_make_unique`.
  utils.warn_names_duplicates("obs")
/data/luolie/conda/envs/scssl_bench_py310/lib/python3.10/site-packages/anndata/_core/anndata.py:1906: UserWarning: Observation names are not unique. To make them unique, call `.obs_names_make_unique`.
  utils.warn_names_duplicates("obs")
Device=cuda:4 dataset=Quake_10x_Spleen cells=9552 clusters=5 corruption=zero donor_pool_mean=9552.0 n_bins=1 mask_prob=0.4 varw=0.02 nuisance_src=adata.X
Epoch 001/80 loss=0.4618 scmae=0.4497 sharp=0.0000 var=0.4464 eff_change=0.400 gate=1.000
Epoch 010/80 loss=0.4435 scmae=0.4433 sharp=0.0000 var=0.0022 eff_change=0.400 gate=1.000
Epoch 020/80 loss=0.4433 scmae=0.4431 sharp=0.0000 var=0.0012 eff_change=0.400 gate=1.000
Epoch 030/80 loss=0.4474 scmae=0.4433 sharp=0.0221 var=0.0024 eff_change=0.400 gate=1.000
Epoch 040/80 loss=0.4508 scmae=0.4434 sharp=0.0209 var=0.0013 eff_change=0.400 gate=1.000
Epoch 050/80 loss=0.4495 scmae=0.4434 sharp=0.0173 var=0.0002 eff_change=0.400 gate=1.000
Epoch 060/80 loss=0.4492 scmae=0.4433 sharp=0.0168 var=0.0003 eff_change=0.400 gate=1.000
Epoch 070/80 loss=0.4489 scmae=0.4434 sharp=0.0154 var=0.0010 eff_change=0.400 gate=1.000
Epoch 080/80 loss=0.4490 scmae=0.4435 sharp=0.0157 var=0.0007 eff_change=0.400 gate=1.000
[RESULT] Quake_10x_Spleen corruption=zero ARI=0.9198994125115919 NMI=0.8243320941408709 eff_change=0.400 donor_pool_mean=9552.0 aligned_eff_dim=1.1
