/data/luolie/conda/envs/scssl_bench_py310/lib/python3.10/site-packages/louvain/__init__.py:54: UserWarning: pkg_resources is deprecated as an API. See https://setuptools.pypa.io/en/latest/pkg_resources.html. The pkg_resources package is slated for removal as early as 2025-11-30. Refrain from using this package or pin to Setuptools<81.
  from pkg_resources import get_distribution, DistributionNotFound
/data/luolie/conda/envs/scssl_bench_py310/lib/python3.10/site-packages/anndata/_core/anndata.py:1906: UserWarning: Observation names are not unique. To make them unique, call `.obs_names_make_unique`.
  utils.warn_names_duplicates("obs")
/data/luolie/conda/envs/scssl_bench_py310/lib/python3.10/site-packages/anndata/_core/anndata.py:1906: UserWarning: Observation names are not unique. To make them unique, call `.obs_names_make_unique`.
  utils.warn_names_duplicates("obs")
/data/luolie/conda/envs/scssl_bench_py310/lib/python3.10/site-packages/scanpy/preprocessing/_highly_variable_genes.py:220: FutureWarning: The default of observed=False is deprecated and will be changed to True in a future version of pandas. Pass observed=False to retain current behavior or observed=True to adopt the future default and silence this warning.
  disp_grouped = df.groupby('mean_bin')['dispersions']
/data/luolie/conda/envs/scssl_bench_py310/lib/python3.10/site-packages/anndata/_core/anndata.py:1906: UserWarning: Observation names are not unique. To make them unique, call `.obs_names_make_unique`.
  utils.warn_names_duplicates("obs")
/data/luolie/conda/envs/scssl_bench_py310/lib/python3.10/site-packages/anndata/_core/anndata.py:1906: UserWarning: Observation names are not unique. To make them unique, call `.obs_names_make_unique`.
  utils.warn_names_duplicates("obs")
/data/luolie/conda/envs/scssl_bench_py310/lib/python3.10/site-packages/anndata/_core/anndata.py:1906: UserWarning: Observation names are not unique. To make them unique, call `.obs_names_make_unique`.
  utils.warn_names_duplicates("obs")
/data/luolie/conda/envs/scssl_bench_py310/lib/python3.10/site-packages/scanpy/preprocessing/_highly_variable_genes.py:220: FutureWarning: The default of observed=False is deprecated and will be changed to True in a future version of pandas. Pass observed=False to retain current behavior or observed=True to adopt the future default and silence this warning.
  disp_grouped = df.groupby('mean_bin')['dispersions']
/data/luolie/conda/envs/scssl_bench_py310/lib/python3.10/site-packages/anndata/_core/anndata.py:1906: UserWarning: Observation names are not unique. To make them unique, call `.obs_names_make_unique`.
  utils.warn_names_duplicates("obs")
/data/luolie/conda/envs/scssl_bench_py310/lib/python3.10/site-packages/anndata/_core/anndata.py:1906: UserWarning: Observation names are not unique. To make them unique, call `.obs_names_make_unique`.
  utils.warn_names_duplicates("obs")
Device=cuda:6 dataset=Quake_10x_Spleen cells=9552 clusters=5 corruption=swap_zerolib donor_pool_mean=382.1 n_bins=25 mask_prob=0.4 varw=0.02 nuisance_src=adata.X
Epoch 001/80 loss=0.4644 scmae=0.4498 sharp=0.0000 var=0.4818 eff_change=0.032 gate=1.000
Epoch 010/80 loss=0.4442 scmae=0.4436 sharp=0.0000 var=0.0019 eff_change=0.032 gate=1.000
Epoch 020/80 loss=0.4440 scmae=0.4434 sharp=0.0000 var=0.0018 eff_change=0.032 gate=1.000
Epoch 030/80 loss=0.4543 scmae=0.4435 sharp=0.0572 var=0.0071 eff_change=0.032 gate=1.000
Epoch 040/80 loss=0.4597 scmae=0.4434 sharp=0.0450 var=0.0024 eff_change=0.032 gate=1.000
Epoch 050/80 loss=0.4605 scmae=0.4435 sharp=0.0468 var=0.0022 eff_change=0.032 gate=1.000
Epoch 060/80 loss=0.4588 scmae=0.4435 sharp=0.0422 var=0.0013 eff_change=0.032 gate=1.000
Epoch 070/80 loss=0.4585 scmae=0.4435 sharp=0.0415 var=0.0014 eff_change=0.032 gate=1.000
Epoch 080/80 loss=0.4586 scmae=0.4435 sharp=0.0414 var=0.0008 eff_change=0.032 gate=1.000
[RESULT] Quake_10x_Spleen corruption=swap_zerolib ARI=0.9187667042863373 NMI=0.8143697701035709 eff_change=0.032 donor_pool_mean=382.1 aligned_eff_dim=1.1
