/data/luolie/conda/envs/scssl_bench_py310/lib/python3.10/site-packages/louvain/__init__.py:54: UserWarning: pkg_resources is deprecated as an API. See https://setuptools.pypa.io/en/latest/pkg_resources.html. The pkg_resources package is slated for removal as early as 2025-11-30. Refrain from using this package or pin to Setuptools<81.
  from pkg_resources import get_distribution, DistributionNotFound
/data/luolie/conda/envs/scssl_bench_py310/lib/python3.10/site-packages/anndata/_core/anndata.py:1906: UserWarning: Observation names are not unique. To make them unique, call `.obs_names_make_unique`.
  utils.warn_names_duplicates("obs")
/data/luolie/conda/envs/scssl_bench_py310/lib/python3.10/site-packages/anndata/_core/anndata.py:1906: UserWarning: Observation names are not unique. To make them unique, call `.obs_names_make_unique`.
  utils.warn_names_duplicates("obs")
/data/luolie/conda/envs/scssl_bench_py310/lib/python3.10/site-packages/scanpy/preprocessing/_highly_variable_genes.py:220: FutureWarning: The default of observed=False is deprecated and will be changed to True in a future version of pandas. Pass observed=False to retain current behavior or observed=True to adopt the future default and silence this warning.
  disp_grouped = df.groupby('mean_bin')['dispersions']
/data/luolie/conda/envs/scssl_bench_py310/lib/python3.10/site-packages/anndata/_core/anndata.py:1906: UserWarning: Observation names are not unique. To make them unique, call `.obs_names_make_unique`.
  utils.warn_names_duplicates("obs")
/data/luolie/conda/envs/scssl_bench_py310/lib/python3.10/site-packages/anndata/_core/anndata.py:1906: UserWarning: Observation names are not unique. To make them unique, call `.obs_names_make_unique`.
  utils.warn_names_duplicates("obs")
/data/luolie/conda/envs/scssl_bench_py310/lib/python3.10/site-packages/anndata/_core/anndata.py:1906: UserWarning: Observation names are not unique. To make them unique, call `.obs_names_make_unique`.
  utils.warn_names_duplicates("obs")
/data/luolie/conda/envs/scssl_bench_py310/lib/python3.10/site-packages/scanpy/preprocessing/_highly_variable_genes.py:220: FutureWarning: The default of observed=False is deprecated and will be changed to True in a future version of pandas. Pass observed=False to retain current behavior or observed=True to adopt the future default and silence this warning.
  disp_grouped = df.groupby('mean_bin')['dispersions']
/data/luolie/conda/envs/scssl_bench_py310/lib/python3.10/site-packages/anndata/_core/anndata.py:1906: UserWarning: Observation names are not unique. To make them unique, call `.obs_names_make_unique`.
  utils.warn_names_duplicates("obs")
/data/luolie/conda/envs/scssl_bench_py310/lib/python3.10/site-packages/anndata/_core/anndata.py:1906: UserWarning: Observation names are not unique. To make them unique, call `.obs_names_make_unique`.
  utils.warn_names_duplicates("obs")
Device=cuda:5 dataset=Quake_10x_Spleen cells=9552 clusters=5 corruption=swap_ndet donor_pool_mean=955.2 n_bins=10 mask_prob=0.4 varw=0.02 nuisance_src=adata.X
Epoch 001/80 loss=0.4692 scmae=0.4499 sharp=0.0000 var=0.6761 eff_change=0.033 gate=1.000
Epoch 010/80 loss=0.4441 scmae=0.4435 sharp=0.0000 var=0.0013 eff_change=0.033 gate=1.000
Epoch 020/80 loss=0.4440 scmae=0.4434 sharp=0.0000 var=0.0014 eff_change=0.033 gate=1.000
Epoch 030/80 loss=0.4526 scmae=0.4435 sharp=0.0474 var=0.0063 eff_change=0.033 gate=1.000
Epoch 040/80 loss=0.4590 scmae=0.4434 sharp=0.0428 var=0.0022 eff_change=0.033 gate=1.000
Epoch 050/80 loss=0.4571 scmae=0.4435 sharp=0.0374 var=0.0022 eff_change=0.033 gate=1.000
Epoch 060/80 loss=0.4582 scmae=0.4435 sharp=0.0402 var=0.0018 eff_change=0.033 gate=1.000
Epoch 070/80 loss=0.4567 scmae=0.4435 sharp=0.0362 var=0.0020 eff_change=0.033 gate=1.000
Epoch 080/80 loss=0.4561 scmae=0.4434 sharp=0.0346 var=0.0016 eff_change=0.033 gate=1.000
[RESULT] Quake_10x_Spleen corruption=swap_ndet ARI=0.9193091873792485 NMI=0.8307391569781903 eff_change=0.033 donor_pool_mean=955.2 aligned_eff_dim=1.2
