Command: /data/luolie/conda/envs/scssl_bench_py310/bin/python /home/luolie/biopipeline/dimension-reduction/plantnet/methods/DeepLearning/scNAME/run.py --data_path /data/luolie/biopipeline/scCluBench/data/CRA002977_1.h5ad --save_dir /home/luolie/biopipeline/dimension-reduction/plantnet/experiment_reports/desc_scname_fix_benchmark_20260628/run_artifacts/CRA002977_1/scname__seed2024 --n_clusters 7 --seed 2024 --epochs 80 --pretrain_epochs 80 --gpu 5
Exit code: 0

=== STDOUT ===
Loading data...
是否归一化: False, 是否 log1p 变换: False, 是否标准化: False
数据未归一化，进行 normalize_per_cell 处理
数据未 log1p 变换，进行 log1p 处理
数据未标准化，进行 scale 处理
Data ready (normalized, log-transformed, scaled, HVG-selected).
scNAME count_like source: layers_norm_log
Number of cells: 10947, Number of genes: 2000
Number of clusters: 7
Initializing scNAME model...
Pretraining...
begin the pretraining
epoch: 0/80, iteration: 85, Current likelihood loss: 0.169746, Current mask loss: 0.11601189
epoch: 10/80, iteration: 85, Current likelihood loss: 0.11756706, Current mask loss: 0.0853979
epoch: 20/80, iteration: 85, Current likelihood loss: 0.10944892, Current mask loss: 0.08406664
epoch: 30/80, iteration: 85, Current likelihood loss: 0.1063223, Current mask loss: 0.0818381
epoch: 40/80, iteration: 85, Current likelihood loss: 0.10439095, Current mask loss: 0.0818738
epoch: 50/80, iteration: 85, Current likelihood loss: 0.10309615, Current mask loss: 0.08311245
epoch: 60/80, iteration: 85, Current likelihood loss: 0.10184617, Current mask loss: 0.0815069
epoch: 70/80, iteration: 85, Current likelihood loss: 0.10079963, Current mask loss: 0.08060116
Fine-tuning...
kmean_ARI: 0.30584
begin the funetraining
epoch: 1/80, iteration: 85, Current likelihood loss: 0.11767465, Current mask loss: 0.08267004, Current neighbor loss: 6.7177863, Current kmeans loss: 58.59126, Current total loss: 6.731249
current clustering ARI: 0.32528
epoch: 11/80, iteration: 85, Current likelihood loss: 0.12507673, Current mask loss: 0.08208688, Current neighbor loss: 6.638758, Current kmeans loss: 10.150518, Current total loss: 1.8860914
current clustering ARI: 0.44996
epoch: 21/80, iteration: 85, Current likelihood loss: 0.12584142, Current mask loss: 0.08268735, Current neighbor loss: 6.6380424, Current kmeans loss: 4.9598875, Current total loss: 1.3683218
current clustering ARI: 0.44996
epoch: 31/80, iteration: 85, Current likelihood loss: 0.12640525, Current mask loss: 0.0817271, Current neighbor loss: 6.630435, Current kmeans loss: 2.7670276, Current total loss: 1.1478786
current clustering ARI: 0.44996
epoch: 41/80, iteration: 85, Current likelihood loss: 0.12678382, Current mask loss: 0.08112328, Current neighbor loss: 6.6282797, Current kmeans loss: 1.8772357, Current total loss: 1.0584586
current clustering ARI: 0.44996
current_error: 0.23933497761943912
epoch: 51/80, iteration: 85, Current likelihood loss: 0.12695515, Current mask loss: 0.08120412, Current neighbor loss: 6.6280875, Current kmeans loss: 2.1023684, Current total loss: 1.0812049
current clustering ARI: 0.44996
epoch: 61/80, iteration: 85, Current likelihood loss: 0.12719679, Current mask loss: 0.0816357, Current neighbor loss: 6.6320367, Current kmeans loss: 1.6947016, Current total loss: 1.0415063
current clustering ARI: 0.44996
epoch: 71/80, iteration: 85, Current likelihood loss: 0.12677284, Current mask loss: 0.08136166, Current neighbor loss: 6.6301346, Current kmeans loss: 1.9868746, Current total loss: 1.0698354
current clustering ARI: 0.44996
Epoch 80: acc: 0.6879, nmi: 0.5144, ari: 0.4500, f1_macro: 0.5554, fmi: 0.6702, v_measure: 0.5144, homogeneity: 0.5362, completeness: 0.4942
Training completed.
Results saved to: /home/luolie/biopipeline/dimension-reduction/plantnet/experiment_reports/desc_scname_fix_benchmark_20260628/run_artifacts/CRA002977_1/scname__seed2024


=== STDERR ===
2026-06-28 01:09:34.688520: I tensorflow/core/util/port.cc:113] oneDNN custom operations are on. You may see slightly different numerical results due to floating-point round-off errors from different computation orders. To turn them off, set the environment variable `TF_ENABLE_ONEDNN_OPTS=0`.
2026-06-28 01:09:34.748802: E external/local_xla/xla/stream_executor/cuda/cuda_dnn.cc:9261] Unable to register cuDNN factory: Attempting to register factory for plugin cuDNN when one has already been registered
2026-06-28 01:09:34.748880: E external/local_xla/xla/stream_executor/cuda/cuda_fft.cc:607] Unable to register cuFFT factory: Attempting to register factory for plugin cuFFT when one has already been registered
2026-06-28 01:09:34.751115: E external/local_xla/xla/stream_executor/cuda/cuda_blas.cc:1515] Unable to register cuBLAS factory: Attempting to register factory for plugin cuBLAS when one has already been registered
2026-06-28 01:09:34.761497: I tensorflow/core/platform/cpu_feature_guard.cc:182] This TensorFlow binary is optimized to use available CPU instructions in performance-critical operations.
To enable the following instructions: AVX2 AVX512F AVX512_VNNI AVX512_BF16 AVX_VNNI AMX_TILE AMX_INT8 AMX_BF16 FMA, in other operations, rebuild TensorFlow with the appropriate compiler flags.
2026-06-28 01:09:35.862150: W tensorflow/compiler/tf2tensorrt/utils/py_utils.cc:38] TF-TRT Warning: Could not find TensorRT
WARNING:tensorflow:From /data/luolie/conda/envs/scssl_bench_py310/lib/python3.10/site-packages/tensorflow/python/compat/v2_compat.py:108: disable_resource_variables (from tensorflow.python.ops.variable_scope) is deprecated and will be removed in a future version.
Instructions for updating:
non-resource variables are not supported in the long term
/data/luolie/conda/envs/scssl_bench_py310/lib/python3.10/site-packages/louvain/__init__.py:54: UserWarning: pkg_resources is deprecated as an API. See https://setuptools.pypa.io/en/latest/pkg_resources.html. The pkg_resources package is slated for removal as early as 2025-11-30. Refrain from using this package or pin to Setuptools<81.
  from pkg_resources import get_distribution, DistributionNotFound
/data/luolie/conda/envs/scssl_bench_py310/lib/python3.10/site-packages/scanpy/preprocessing/_highly_variable_genes.py:220: FutureWarning: The default of observed=False is deprecated and will be changed to True in a future version of pandas. Pass observed=False to retain current behavior or observed=True to adopt the future default and silence this warning.
  disp_grouped = df.groupby('mean_bin')['dispersions']
2026-06-28 01:11:20.261320: E external/local_xla/xla/stream_executor/cuda/cuda_driver.cc:274] failed call to cuInit: CUDA_ERROR_NO_DEVICE: no CUDA-capable device is detected
2026-06-28 01:11:20.370642: I tensorflow/compiler/mlir/mlir_graph_optimization_pass.cc:388] MLIR V1 optimization pass is not enabled

