/data/luolie/conda/envs/scssl_bench_py310/lib/python3.10/site-packages/louvain/__init__.py:54: UserWarning: pkg_resources is deprecated as an API. See https://setuptools.pypa.io/en/latest/pkg_resources.html. The pkg_resources package is slated for removal as early as 2025-11-30. Refrain from using this package or pin to Setuptools<81.
  from pkg_resources import get_distribution, DistributionNotFound
/data/luolie/conda/envs/scssl_bench_py310/lib/python3.10/site-packages/anndata/_core/anndata.py:1906: UserWarning: Observation names are not unique. To make them unique, call `.obs_names_make_unique`.
  utils.warn_names_duplicates("obs")
/data/luolie/conda/envs/scssl_bench_py310/lib/python3.10/site-packages/anndata/_core/anndata.py:1906: UserWarning: Observation names are not unique. To make them unique, call `.obs_names_make_unique`.
  utils.warn_names_duplicates("obs")
/data/luolie/conda/envs/scssl_bench_py310/lib/python3.10/site-packages/scanpy/preprocessing/_highly_variable_genes.py:220: FutureWarning: The default of observed=False is deprecated and will be changed to True in a future version of pandas. Pass observed=False to retain current behavior or observed=True to adopt the future default and silence this warning.
  disp_grouped = df.groupby('mean_bin')['dispersions']
/data/luolie/conda/envs/scssl_bench_py310/lib/python3.10/site-packages/anndata/_core/anndata.py:1906: UserWarning: Observation names are not unique. To make them unique, call `.obs_names_make_unique`.
  utils.warn_names_duplicates("obs")
/data/luolie/conda/envs/scssl_bench_py310/lib/python3.10/site-packages/anndata/_core/anndata.py:1906: UserWarning: Observation names are not unique. To make them unique, call `.obs_names_make_unique`.
  utils.warn_names_duplicates("obs")
/data/luolie/conda/envs/scssl_bench_py310/lib/python3.10/site-packages/anndata/_core/anndata.py:1906: UserWarning: Observation names are not unique. To make them unique, call `.obs_names_make_unique`.
  utils.warn_names_duplicates("obs")
/data/luolie/conda/envs/scssl_bench_py310/lib/python3.10/site-packages/scanpy/preprocessing/_highly_variable_genes.py:220: FutureWarning: The default of observed=False is deprecated and will be changed to True in a future version of pandas. Pass observed=False to retain current behavior or observed=True to adopt the future default and silence this warning.
  disp_grouped = df.groupby('mean_bin')['dispersions']
/data/luolie/conda/envs/scssl_bench_py310/lib/python3.10/site-packages/anndata/_core/anndata.py:1906: UserWarning: Observation names are not unique. To make them unique, call `.obs_names_make_unique`.
  utils.warn_names_duplicates("obs")
Building PCA-KNN graph for NeighborMix ...
Device=cuda:0 dataset=Quake_10x_Spleen cells=9552 genes=1000 clusters=5
Method=GatedNeighborMix_scMAE stage=screen epochs=80 warmup=20
Epoch 001/80 loss=0.4523 scmae=0.4493 pseudo=0.0000 cluster=0.0000 cons=0.0609 r_mean=1.000 conf=0.000 scale=0.00
Epoch 010/80 loss=0.4429 scmae=0.4428 pseudo=0.0000 cluster=0.0000 cons=0.0019 r_mean=1.000 conf=0.000 scale=0.00
Epoch 020/80 loss=0.4427 scmae=0.4426 pseudo=0.0000 cluster=0.0000 cons=0.0021 r_mean=1.000 conf=0.000 scale=0.00
Epoch 030/80 loss=0.4472 scmae=0.4431 pseudo=0.0000 cluster=0.0228 cons=0.0017 r_mean=0.845 conf=1.000 scale=0.50
Epoch 040/80 loss=0.4509 scmae=0.4433 pseudo=0.0000 cluster=0.0214 cons=0.0018 r_mean=0.890 conf=1.000 scale=1.00
Epoch 050/80 loss=0.4492 scmae=0.4433 pseudo=0.0000 cluster=0.0166 cons=0.0017 r_mean=0.900 conf=1.000 scale=1.00
Epoch 060/80 loss=0.4490 scmae=0.4434 pseudo=0.0000 cluster=0.0157 cons=0.0016 r_mean=0.885 conf=1.000 scale=1.00
Epoch 070/80 loss=0.4483 scmae=0.4434 pseudo=0.0000 cluster=0.0137 cons=0.0013 r_mean=0.878 conf=1.000 scale=1.00
Epoch 080/80 loss=0.4481 scmae=0.4433 pseudo=0.0000 cluster=0.0135 cons=0.0014 r_mean=0.859 conf=1.000 scale=1.00
[RESULT] Quake_10x_Spleen NMI=0.8312093675337973 ARI=0.9118332687600418 meets_baseline=False collapse=False r_mean=0.867 core_frac=0.936
Completed GatedNeighborMix_scMAE. Results saved to: methods/DeepLearning/GatedNeighborMix_scMAE/runs/repro_check/Quake_10x_Spleen/seed42
