/data/luolie/conda/base/lib/python3.13/site-packages/transformers/utils/hub.py:124: FutureWarning: Using `TRANSFORMERS_CACHE` is deprecated and will be removed in v5 of Transformers. Use `HF_HOME` instead.
  warnings.warn(
Using device: cuda:3
Loading data...
是否归一化: True, 是否 log1p 变换: True, 是否标准化: False
数据未标准化，进行 scale 处理
/data/luolie/conda/base/lib/python3.13/functools.py:934: UserWarning: zero-centering a sparse array/matrix densifies it.
  return dispatch(args[0].__class__)(*args, **kw)
Number of cells: 1886, Number of genes: 2000
Number of clusters: 13
/home/luolie/biopipeline/dimension-reduction/plantnet/methods/GNN/scCDCG/scCDCG_utils.py:423: RuntimeWarning: invalid value encountered in power
  L_matrix = np.diag(D ** (-0.5)).dot(        # D^(-1/2)
/home/luolie/biopipeline/dimension-reduction/plantnet/methods/GNN/scCDCG/scCDCG_utils.py:424: RuntimeWarning: invalid value encountered in power
  A.dot(np.diag(D ** (-0.5)))              # D^(-1/2) · A · D^(-1/2)
Pre-training autoencoder...
Pre-train Epoch 50/100, Loss: -5.818860
Pre-train Epoch 100/100, Loss: -6.164692
Fine-tuning with clustering...
/home/luolie/biopipeline/dimension-reduction/plantnet/methods/GNN/scCDCG/model.py:233: FutureWarning: You are using `torch.load` with `weights_only=False` (the current default value), which uses the default pickle module implicitly. It is possible to construct malicious pickle data which will execute arbitrary code during unpickling (See https://github.com/pytorch/pytorch/blob/main/SECURITY.md#untrusted-models for more details). In a future release, the default value for `weights_only` will be flipped to `True`. This limits the functions that could be executed during unpickling. Arbitrary objects will no longer be allowed to be loaded via this mode unless they are explicitly allowlisted by the user via `torch.serialization.add_safe_globals`. We recommend you start setting `weights_only=True` for any use case where you don't have full control of the loaded file. Please open an issue on GitHub for any issues related to this experimental feature.
  torch.load(pretrain_model_load_path, map_location='cpu')
Fine-tune Epoch 50/100, Loss: -517.720459, ACC: 0.3918, NMI: 0.4610
Fine-tune Epoch 100/100, Loss: -537.969971, ACC: 0.3865, NMI: 0.4788
Best fine-tuning: ACC=0.4014, NMI=0.4753
Epoch 100: acc: 0.4014, nmi: 0.4753, ari: 0.2750, f1_macro: 0.1987, fmi: 0.4331, v_measure: 0.4753, homogeneity: 0.5346, completeness: 0.4278
Training completed.
Results saved to: benchmarks/unified_protocol/runs/Mouse_Pancreas_1/scCDCG
